Archive member included to satisfy reference by file (symbol)

/opt/riscv/bin/../lib/gcc/riscv64-unknown-elf/7.2.0/../../../../riscv64-unknown-elf/lib/rv32i/ilp32/libc.a(lib_a-init.o)
                              build//home/tonix/Documents/CINVESTAV/Proyecto_Tolteca/Nuand_modified/NuandRFProyect/FPGA_FW/dupinSoC/fw/bsp/CinvestavDupin/libraries/common/start.o (__libc_init_array)

Discarded input sections

 .group         0x0000000000000000        0x8 build//home/tonix/Documents/CINVESTAV/Proyecto_Tolteca/Nuand_modified/NuandRFProyect/FPGA_FW/dupinSoC/fw/blink/src/blink.o
 .group         0x0000000000000000        0x8 build//home/tonix/Documents/CINVESTAV/Proyecto_Tolteca/Nuand_modified/NuandRFProyect/FPGA_FW/dupinSoC/fw/blink/src/blink.o
 .group         0x0000000000000000        0x8 build//home/tonix/Documents/CINVESTAV/Proyecto_Tolteca/Nuand_modified/NuandRFProyect/FPGA_FW/dupinSoC/fw/blink/src/blink.o
 .group         0x0000000000000000        0x8 build//home/tonix/Documents/CINVESTAV/Proyecto_Tolteca/Nuand_modified/NuandRFProyect/FPGA_FW/dupinSoC/fw/blink/src/blink.o
 .group         0x0000000000000000        0x8 build//home/tonix/Documents/CINVESTAV/Proyecto_Tolteca/Nuand_modified/NuandRFProyect/FPGA_FW/dupinSoC/fw/blink/src/blink.o
 .group         0x0000000000000000        0x8 build//home/tonix/Documents/CINVESTAV/Proyecto_Tolteca/Nuand_modified/NuandRFProyect/FPGA_FW/dupinSoC/fw/blink/src/blink.o
 .group         0x0000000000000000        0x8 build//home/tonix/Documents/CINVESTAV/Proyecto_Tolteca/Nuand_modified/NuandRFProyect/FPGA_FW/dupinSoC/fw/blink/src/blink.o
 .group         0x0000000000000000        0x8 build//home/tonix/Documents/CINVESTAV/Proyecto_Tolteca/Nuand_modified/NuandRFProyect/FPGA_FW/dupinSoC/fw/blink/src/blink.o
 .group         0x0000000000000000        0x8 build//home/tonix/Documents/CINVESTAV/Proyecto_Tolteca/Nuand_modified/NuandRFProyect/FPGA_FW/dupinSoC/fw/blink/src/blink.o
 .group         0x0000000000000000        0x8 build//home/tonix/Documents/CINVESTAV/Proyecto_Tolteca/Nuand_modified/NuandRFProyect/FPGA_FW/dupinSoC/fw/blink/src/blink.o
 .group         0x0000000000000000        0x8 build//home/tonix/Documents/CINVESTAV/Proyecto_Tolteca/Nuand_modified/NuandRFProyect/FPGA_FW/dupinSoC/fw/blink/src/blink.o
 .group         0x0000000000000000        0x8 build//home/tonix/Documents/CINVESTAV/Proyecto_Tolteca/Nuand_modified/NuandRFProyect/FPGA_FW/dupinSoC/fw/blink/src/blink.o
 .group         0x0000000000000000        0x8 build//home/tonix/Documents/CINVESTAV/Proyecto_Tolteca/Nuand_modified/NuandRFProyect/FPGA_FW/dupinSoC/fw/blink/src/blink.o
 .group         0x0000000000000000        0x8 build//home/tonix/Documents/CINVESTAV/Proyecto_Tolteca/Nuand_modified/NuandRFProyect/FPGA_FW/dupinSoC/fw/blink/src/blink.o
 .group         0x0000000000000000        0x8 build//home/tonix/Documents/CINVESTAV/Proyecto_Tolteca/Nuand_modified/NuandRFProyect/FPGA_FW/dupinSoC/fw/blink/src/blink.o
 .group         0x0000000000000000        0x8 build//home/tonix/Documents/CINVESTAV/Proyecto_Tolteca/Nuand_modified/NuandRFProyect/FPGA_FW/dupinSoC/fw/blink/src/blink.o
 .group         0x0000000000000000        0x8 build//home/tonix/Documents/CINVESTAV/Proyecto_Tolteca/Nuand_modified/NuandRFProyect/FPGA_FW/dupinSoC/fw/blink/src/blink.o
 .group         0x0000000000000000        0x8 build//home/tonix/Documents/CINVESTAV/Proyecto_Tolteca/Nuand_modified/NuandRFProyect/FPGA_FW/dupinSoC/fw/blink/src/blink.o
 .group         0x0000000000000000        0x8 build//home/tonix/Documents/CINVESTAV/Proyecto_Tolteca/Nuand_modified/NuandRFProyect/FPGA_FW/dupinSoC/fw/blink/src/blink.o
 .group         0x0000000000000000        0x8 build//home/tonix/Documents/CINVESTAV/Proyecto_Tolteca/Nuand_modified/NuandRFProyect/FPGA_FW/dupinSoC/fw/blink/src/blink.o
 .group         0x0000000000000000        0x8 build//home/tonix/Documents/CINVESTAV/Proyecto_Tolteca/Nuand_modified/NuandRFProyect/FPGA_FW/dupinSoC/fw/blink/src/blink.o
 .group         0x0000000000000000        0x8 build//home/tonix/Documents/CINVESTAV/Proyecto_Tolteca/Nuand_modified/NuandRFProyect/FPGA_FW/dupinSoC/fw/blink/src/blink.o
 .group         0x0000000000000000        0x8 build//home/tonix/Documents/CINVESTAV/Proyecto_Tolteca/Nuand_modified/NuandRFProyect/FPGA_FW/dupinSoC/fw/blink/src/blink.o
 .group         0x0000000000000000        0x8 build//home/tonix/Documents/CINVESTAV/Proyecto_Tolteca/Nuand_modified/NuandRFProyect/FPGA_FW/dupinSoC/fw/blink/src/blink.o
 .group         0x0000000000000000        0x8 build//home/tonix/Documents/CINVESTAV/Proyecto_Tolteca/Nuand_modified/NuandRFProyect/FPGA_FW/dupinSoC/fw/blink/src/blink.o
 .group         0x0000000000000000        0x8 build//home/tonix/Documents/CINVESTAV/Proyecto_Tolteca/Nuand_modified/NuandRFProyect/FPGA_FW/dupinSoC/fw/blink/src/blink.o
 .group         0x0000000000000000        0x8 build//home/tonix/Documents/CINVESTAV/Proyecto_Tolteca/Nuand_modified/NuandRFProyect/FPGA_FW/dupinSoC/fw/blink/src/blink.o
 .group         0x0000000000000000        0x8 build//home/tonix/Documents/CINVESTAV/Proyecto_Tolteca/Nuand_modified/NuandRFProyect/FPGA_FW/dupinSoC/fw/blink/src/blink.o
 .group         0x0000000000000000        0x8 build//home/tonix/Documents/CINVESTAV/Proyecto_Tolteca/Nuand_modified/NuandRFProyect/FPGA_FW/dupinSoC/fw/blink/src/blink.o
 .group         0x0000000000000000        0x8 build//home/tonix/Documents/CINVESTAV/Proyecto_Tolteca/Nuand_modified/NuandRFProyect/FPGA_FW/dupinSoC/fw/blink/src/blink.o
 .group         0x0000000000000000        0x8 build//home/tonix/Documents/CINVESTAV/Proyecto_Tolteca/Nuand_modified/NuandRFProyect/FPGA_FW/dupinSoC/fw/blink/src/blink.o
 .group         0x0000000000000000        0x8 build//home/tonix/Documents/CINVESTAV/Proyecto_Tolteca/Nuand_modified/NuandRFProyect/FPGA_FW/dupinSoC/fw/blink/src/blink.o
 .group         0x0000000000000000        0x8 build//home/tonix/Documents/CINVESTAV/Proyecto_Tolteca/Nuand_modified/NuandRFProyect/FPGA_FW/dupinSoC/fw/blink/src/blink.o
 .group         0x0000000000000000        0x8 build//home/tonix/Documents/CINVESTAV/Proyecto_Tolteca/Nuand_modified/NuandRFProyect/FPGA_FW/dupinSoC/fw/blink/src/blink.o
 .group         0x0000000000000000        0x8 build//home/tonix/Documents/CINVESTAV/Proyecto_Tolteca/Nuand_modified/NuandRFProyect/FPGA_FW/dupinSoC/fw/blink/src/blink.o
 .group         0x0000000000000000        0x8 build//home/tonix/Documents/CINVESTAV/Proyecto_Tolteca/Nuand_modified/NuandRFProyect/FPGA_FW/dupinSoC/fw/blink/src/blink.o
 .group         0x0000000000000000        0x8 build//home/tonix/Documents/CINVESTAV/Proyecto_Tolteca/Nuand_modified/NuandRFProyect/FPGA_FW/dupinSoC/fw/blink/src/blink.o
 .group         0x0000000000000000        0x8 build//home/tonix/Documents/CINVESTAV/Proyecto_Tolteca/Nuand_modified/NuandRFProyect/FPGA_FW/dupinSoC/fw/blink/src/blink.o
 .group         0x0000000000000000        0x8 build//home/tonix/Documents/CINVESTAV/Proyecto_Tolteca/Nuand_modified/NuandRFProyect/FPGA_FW/dupinSoC/fw/blink/src/blink.o

Memory Configuration

Name             Origin             Length             Attributes
ram              0x0000000080000000 0x0000000000040000 axwl !r
*default*        0x0000000000000000 0xffffffffffffffff

Linker script and memory map

LOAD build//home/tonix/Documents/CINVESTAV/Proyecto_Tolteca/Nuand_modified/NuandRFProyect/FPGA_FW/dupinSoC/fw/blink/src/blink.o
LOAD build//home/tonix/Documents/CINVESTAV/Proyecto_Tolteca/Nuand_modified/NuandRFProyect/FPGA_FW/dupinSoC/fw/bsp/CinvestavDupin/libraries/common/start.o
LOAD /opt/riscv/bin/../lib/gcc/riscv64-unknown-elf/7.2.0/../../../../riscv64-unknown-elf/lib/rv32i/ilp32/libc.a
LOAD /opt/riscv/bin/../lib/gcc/riscv64-unknown-elf/7.2.0/rv32i/ilp32/libgcc.a
                0x0000000000000400                __stack_size = DEFINED (__stack_size)?__stack_size:0x400

.init           0x0000000080000000       0x58
 *(SORT(.init))
 .init          0x0000000080000000       0x58 build//home/tonix/Documents/CINVESTAV/Proyecto_Tolteca/Nuand_modified/NuandRFProyect/FPGA_FW/dupinSoC/fw/bsp/CinvestavDupin/libraries/common/start.o
                0x0000000080000000                _start
                0x0000000080000054                _init

.text           0x0000000080000058       0xd8
 *(.text.unlikely .text.unlikely.*)
 *(.text.startup .text.startup.*)
 *(.text .text.*)
 .text          0x0000000080000058       0x50 build//home/tonix/Documents/CINVESTAV/Proyecto_Tolteca/Nuand_modified/NuandRFProyect/FPGA_FW/dupinSoC/fw/blink/src/blink.o
                0x0000000080000058                delay
                0x0000000080000074                main
 .text          0x00000000800000a8        0x0 build//home/tonix/Documents/CINVESTAV/Proyecto_Tolteca/Nuand_modified/NuandRFProyect/FPGA_FW/dupinSoC/fw/bsp/CinvestavDupin/libraries/common/start.o
 .text          0x00000000800000a8       0x88 /opt/riscv/bin/../lib/gcc/riscv64-unknown-elf/7.2.0/../../../../riscv64-unknown-elf/lib/rv32i/ilp32/libc.a(lib_a-init.o)
                0x00000000800000a8                __libc_init_array
 *(.gnu.linkonce.t.*)
 *(.note.gnu.build-id)

.rela.dyn       0x0000000080000130        0x0
 .rela.init     0x0000000080000130        0x0 build//home/tonix/Documents/CINVESTAV/Proyecto_Tolteca/Nuand_modified/NuandRFProyect/FPGA_FW/dupinSoC/fw/blink/src/blink.o
 .rela.text     0x0000000080000130        0x0 build//home/tonix/Documents/CINVESTAV/Proyecto_Tolteca/Nuand_modified/NuandRFProyect/FPGA_FW/dupinSoC/fw/blink/src/blink.o

.fini
 *(SORT(.fini))
                [!provide]                        PROVIDE (__etext, .)
                [!provide]                        PROVIDE (_etext, .)
                [!provide]                        PROVIDE (etext, .)
                0x0000000080000130                . = ALIGN (0x4)

.preinit_array  0x0000000080000130        0x0
                0x0000000080000130                PROVIDE (__preinit_array_start, .)
 *(.preinit_array)
                0x0000000080000130                PROVIDE (__preinit_array_end, .)

.init_array     0x0000000080000130        0x0
                0x0000000080000130                PROVIDE (__init_array_start, .)
 *(SORT(.init_array.*) SORT(.ctors.*))
 *(.init_array EXCLUDE_FILE(*crtend?.o *crtend.o *crtbegin?.o *crtbegin.o) .ctors)
                0x0000000080000130                PROVIDE (__init_array_end, .)

.fini_array     0x0000000080000130        0x0
                [!provide]                        PROVIDE (__fini_array_start, .)
 *(SORT(.fini_array.*) SORT(.dtors.*))
 *(.fini_array EXCLUDE_FILE(*crtend?.o *crtend.o *crtbegin?.o *crtbegin.o) .dtors)
                [!provide]                        PROVIDE (__fini_array_end, .)

.ctors
 *crtbegin.o(.ctors)
 *crtbegin?.o(.ctors)
 *(EXCLUDE_FILE(*crtend?.o *crtend.o) .ctors)
 *(SORT(.ctors.*))
 *(.ctors)

.dtors
 *crtbegin.o(.dtors)
 *crtbegin?.o(.dtors)
 *(EXCLUDE_FILE(*crtend?.o *crtend.o) .dtors)
 *(SORT(.dtors.*))
 *(.dtors)

.lalign         0x0000000080000130        0x0
                0x0000000080000130                . = ALIGN (0x4)
                0x0000000080000130                PROVIDE (_data_lma, .)

.dalign         0x0000000080000130        0x0
                0x0000000080000130                . = ALIGN (0x4)
                0x0000000080000130                PROVIDE (_data, .)

.data           0x0000000080000130        0x0
 *(.rdata)
 *(.rodata .rodata.*)
 *(.gnu.linkonce.r.*)
 *(.data .data.*)
 .data          0x0000000080000130        0x0 build//home/tonix/Documents/CINVESTAV/Proyecto_Tolteca/Nuand_modified/NuandRFProyect/FPGA_FW/dupinSoC/fw/blink/src/blink.o
 .data          0x0000000080000130        0x0 build//home/tonix/Documents/CINVESTAV/Proyecto_Tolteca/Nuand_modified/NuandRFProyect/FPGA_FW/dupinSoC/fw/bsp/CinvestavDupin/libraries/common/start.o
 .data          0x0000000080000130        0x0 /opt/riscv/bin/../lib/gcc/riscv64-unknown-elf/7.2.0/../../../../riscv64-unknown-elf/lib/rv32i/ilp32/libc.a(lib_a-init.o)
 *(.gnu.linkonce.d.*)
                0x0000000080000130                . = ALIGN (0x8)
                0x0000000080000920                PROVIDE (__global_pointer$, (. + 0x7f0))
 *(.sdata .sdata.*)
 *(.gnu.linkonce.s.*)
                0x0000000080000130                . = ALIGN (0x8)
 *(.srodata.cst16)
 *(.srodata.cst8)
 *(.srodata.cst4)
 *(.srodata.cst2)
 *(.srodata .srodata.*)
                0x0000000080000130                . = ALIGN (0x4)
                0x0000000080000130                PROVIDE (_edata, .)
                [!provide]                        PROVIDE (edata, .)
                [!provide]                        PROVIDE (_fbss, .)
                0x0000000080000130                PROVIDE (__bss_start, .)

.bss            0x0000000080000130        0x0
 *(.sbss*)
 *(.gnu.linkonce.sb.*)
 *(.bss .bss.*)
 .bss           0x0000000080000130        0x0 build//home/tonix/Documents/CINVESTAV/Proyecto_Tolteca/Nuand_modified/NuandRFProyect/FPGA_FW/dupinSoC/fw/blink/src/blink.o
 .bss           0x0000000080000130        0x0 build//home/tonix/Documents/CINVESTAV/Proyecto_Tolteca/Nuand_modified/NuandRFProyect/FPGA_FW/dupinSoC/fw/bsp/CinvestavDupin/libraries/common/start.o
 .bss           0x0000000080000130        0x0 /opt/riscv/bin/../lib/gcc/riscv64-unknown-elf/7.2.0/../../../../riscv64-unknown-elf/lib/rv32i/ilp32/libc.a(lib_a-init.o)
 *(.gnu.linkonce.b.*)
 *(COMMON)
                0x0000000080000130                . = ALIGN (0x4)
                0x0000000080000130                . = ALIGN (0x8)
                0x0000000080000130                PROVIDE (_end, .)
                [!provide]                        PROVIDE (end, .)
                0x0000000080000130                . = ALIGN (0x10)

.stack          0x0000000080000130      0x400
                [!provide]                        PROVIDE (_heap_end, .)
                0x0000000000000400                . = __stack_size
 *fill*         0x0000000080000130      0x400 
                0x0000000080000530                PROVIDE (_sp, .)
LOAD /opt/riscv/bin/../lib/gcc/riscv64-unknown-elf/7.2.0/rv32i/ilp32/libgcc.a
START GROUP
LOAD /opt/riscv/bin/../lib/gcc/riscv64-unknown-elf/7.2.0/../../../../riscv64-unknown-elf/lib/rv32i/ilp32/libc.a
LOAD /opt/riscv/bin/../lib/gcc/riscv64-unknown-elf/7.2.0/../../../../riscv64-unknown-elf/lib/rv32i/ilp32/libgloss.a
END GROUP
LOAD /opt/riscv/bin/../lib/gcc/riscv64-unknown-elf/7.2.0/rv32i/ilp32/libgcc.a
OUTPUT(build/blink.elf elf32-littleriscv)

.debug_info     0x0000000000000000      0x9c3
 .debug_info    0x0000000000000000      0x99d build//home/tonix/Documents/CINVESTAV/Proyecto_Tolteca/Nuand_modified/NuandRFProyect/FPGA_FW/dupinSoC/fw/blink/src/blink.o
 .debug_info    0x000000000000099d       0x26 build//home/tonix/Documents/CINVESTAV/Proyecto_Tolteca/Nuand_modified/NuandRFProyect/FPGA_FW/dupinSoC/fw/bsp/CinvestavDupin/libraries/common/start.o

.debug_abbrev   0x0000000000000000      0x20b
 .debug_abbrev  0x0000000000000000      0x1f7 build//home/tonix/Documents/CINVESTAV/Proyecto_Tolteca/Nuand_modified/NuandRFProyect/FPGA_FW/dupinSoC/fw/blink/src/blink.o
 .debug_abbrev  0x00000000000001f7       0x14 build//home/tonix/Documents/CINVESTAV/Proyecto_Tolteca/Nuand_modified/NuandRFProyect/FPGA_FW/dupinSoC/fw/bsp/CinvestavDupin/libraries/common/start.o

.debug_loc      0x0000000000000000       0x1f
 .debug_loc     0x0000000000000000       0x1f build//home/tonix/Documents/CINVESTAV/Proyecto_Tolteca/Nuand_modified/NuandRFProyect/FPGA_FW/dupinSoC/fw/blink/src/blink.o

.debug_aranges  0x0000000000000000       0x40
 .debug_aranges
                0x0000000000000000       0x20 build//home/tonix/Documents/CINVESTAV/Proyecto_Tolteca/Nuand_modified/NuandRFProyect/FPGA_FW/dupinSoC/fw/blink/src/blink.o
 .debug_aranges
                0x0000000000000020       0x20 build//home/tonix/Documents/CINVESTAV/Proyecto_Tolteca/Nuand_modified/NuandRFProyect/FPGA_FW/dupinSoC/fw/bsp/CinvestavDupin/libraries/common/start.o

.debug_macro    0x0000000000000000     0x1d87
 .debug_macro   0x0000000000000000      0x24a build//home/tonix/Documents/CINVESTAV/Proyecto_Tolteca/Nuand_modified/NuandRFProyect/FPGA_FW/dupinSoC/fw/blink/src/blink.o
 .debug_macro   0x000000000000024a      0x73c build//home/tonix/Documents/CINVESTAV/Proyecto_Tolteca/Nuand_modified/NuandRFProyect/FPGA_FW/dupinSoC/fw/blink/src/blink.o
 .debug_macro   0x0000000000000986       0x22 build//home/tonix/Documents/CINVESTAV/Proyecto_Tolteca/Nuand_modified/NuandRFProyect/FPGA_FW/dupinSoC/fw/blink/src/blink.o
 .debug_macro   0x00000000000009a8       0x46 build//home/tonix/Documents/CINVESTAV/Proyecto_Tolteca/Nuand_modified/NuandRFProyect/FPGA_FW/dupinSoC/fw/blink/src/blink.o
 .debug_macro   0x00000000000009ee       0x8d build//home/tonix/Documents/CINVESTAV/Proyecto_Tolteca/Nuand_modified/NuandRFProyect/FPGA_FW/dupinSoC/fw/blink/src/blink.o
 .debug_macro   0x0000000000000a7b       0x34 build//home/tonix/Documents/CINVESTAV/Proyecto_Tolteca/Nuand_modified/NuandRFProyect/FPGA_FW/dupinSoC/fw/blink/src/blink.o
 .debug_macro   0x0000000000000aaf       0x9c build//home/tonix/Documents/CINVESTAV/Proyecto_Tolteca/Nuand_modified/NuandRFProyect/FPGA_FW/dupinSoC/fw/blink/src/blink.o
 .debug_macro   0x0000000000000b4b       0x16 build//home/tonix/Documents/CINVESTAV/Proyecto_Tolteca/Nuand_modified/NuandRFProyect/FPGA_FW/dupinSoC/fw/blink/src/blink.o
 .debug_macro   0x0000000000000b61       0x57 build//home/tonix/Documents/CINVESTAV/Proyecto_Tolteca/Nuand_modified/NuandRFProyect/FPGA_FW/dupinSoC/fw/blink/src/blink.o
 .debug_macro   0x0000000000000bb8       0x97 build//home/tonix/Documents/CINVESTAV/Proyecto_Tolteca/Nuand_modified/NuandRFProyect/FPGA_FW/dupinSoC/fw/blink/src/blink.o
 .debug_macro   0x0000000000000c4f      0x30d build//home/tonix/Documents/CINVESTAV/Proyecto_Tolteca/Nuand_modified/NuandRFProyect/FPGA_FW/dupinSoC/fw/blink/src/blink.o
 .debug_macro   0x0000000000000f5c       0xfd build//home/tonix/Documents/CINVESTAV/Proyecto_Tolteca/Nuand_modified/NuandRFProyect/FPGA_FW/dupinSoC/fw/blink/src/blink.o
 .debug_macro   0x0000000000001059       0x10 build//home/tonix/Documents/CINVESTAV/Proyecto_Tolteca/Nuand_modified/NuandRFProyect/FPGA_FW/dupinSoC/fw/blink/src/blink.o
 .debug_macro   0x0000000000001069       0x52 build//home/tonix/Documents/CINVESTAV/Proyecto_Tolteca/Nuand_modified/NuandRFProyect/FPGA_FW/dupinSoC/fw/blink/src/blink.o
 .debug_macro   0x00000000000010bb       0x1f build//home/tonix/Documents/CINVESTAV/Proyecto_Tolteca/Nuand_modified/NuandRFProyect/FPGA_FW/dupinSoC/fw/blink/src/blink.o
 .debug_macro   0x00000000000010da       0x43 build//home/tonix/Documents/CINVESTAV/Proyecto_Tolteca/Nuand_modified/NuandRFProyect/FPGA_FW/dupinSoC/fw/blink/src/blink.o
 .debug_macro   0x000000000000111d       0x20 build//home/tonix/Documents/CINVESTAV/Proyecto_Tolteca/Nuand_modified/NuandRFProyect/FPGA_FW/dupinSoC/fw/blink/src/blink.o
 .debug_macro   0x000000000000113d      0x187 build//home/tonix/Documents/CINVESTAV/Proyecto_Tolteca/Nuand_modified/NuandRFProyect/FPGA_FW/dupinSoC/fw/blink/src/blink.o
 .debug_macro   0x00000000000012c4       0x10 build//home/tonix/Documents/CINVESTAV/Proyecto_Tolteca/Nuand_modified/NuandRFProyect/FPGA_FW/dupinSoC/fw/blink/src/blink.o
 .debug_macro   0x00000000000012d4       0x6a build//home/tonix/Documents/CINVESTAV/Proyecto_Tolteca/Nuand_modified/NuandRFProyect/FPGA_FW/dupinSoC/fw/blink/src/blink.o
 .debug_macro   0x000000000000133e       0x1c build//home/tonix/Documents/CINVESTAV/Proyecto_Tolteca/Nuand_modified/NuandRFProyect/FPGA_FW/dupinSoC/fw/blink/src/blink.o
 .debug_macro   0x000000000000135a       0x52 build//home/tonix/Documents/CINVESTAV/Proyecto_Tolteca/Nuand_modified/NuandRFProyect/FPGA_FW/dupinSoC/fw/blink/src/blink.o
 .debug_macro   0x00000000000013ac       0x40 build//home/tonix/Documents/CINVESTAV/Proyecto_Tolteca/Nuand_modified/NuandRFProyect/FPGA_FW/dupinSoC/fw/blink/src/blink.o
 .debug_macro   0x00000000000013ec       0x10 build//home/tonix/Documents/CINVESTAV/Proyecto_Tolteca/Nuand_modified/NuandRFProyect/FPGA_FW/dupinSoC/fw/blink/src/blink.o
 .debug_macro   0x00000000000013fc       0x40 build//home/tonix/Documents/CINVESTAV/Proyecto_Tolteca/Nuand_modified/NuandRFProyect/FPGA_FW/dupinSoC/fw/blink/src/blink.o
 .debug_macro   0x000000000000143c       0xd7 build//home/tonix/Documents/CINVESTAV/Proyecto_Tolteca/Nuand_modified/NuandRFProyect/FPGA_FW/dupinSoC/fw/blink/src/blink.o
 .debug_macro   0x0000000000001513       0x1c build//home/tonix/Documents/CINVESTAV/Proyecto_Tolteca/Nuand_modified/NuandRFProyect/FPGA_FW/dupinSoC/fw/blink/src/blink.o
 .debug_macro   0x000000000000152f       0x3d build//home/tonix/Documents/CINVESTAV/Proyecto_Tolteca/Nuand_modified/NuandRFProyect/FPGA_FW/dupinSoC/fw/blink/src/blink.o
 .debug_macro   0x000000000000156c       0x16 build//home/tonix/Documents/CINVESTAV/Proyecto_Tolteca/Nuand_modified/NuandRFProyect/FPGA_FW/dupinSoC/fw/blink/src/blink.o
 .debug_macro   0x0000000000001582      0x18b build//home/tonix/Documents/CINVESTAV/Proyecto_Tolteca/Nuand_modified/NuandRFProyect/FPGA_FW/dupinSoC/fw/blink/src/blink.o
 .debug_macro   0x000000000000170d       0x16 build//home/tonix/Documents/CINVESTAV/Proyecto_Tolteca/Nuand_modified/NuandRFProyect/FPGA_FW/dupinSoC/fw/blink/src/blink.o
 .debug_macro   0x0000000000001723       0x35 build//home/tonix/Documents/CINVESTAV/Proyecto_Tolteca/Nuand_modified/NuandRFProyect/FPGA_FW/dupinSoC/fw/blink/src/blink.o
 .debug_macro   0x0000000000001758       0x16 build//home/tonix/Documents/CINVESTAV/Proyecto_Tolteca/Nuand_modified/NuandRFProyect/FPGA_FW/dupinSoC/fw/blink/src/blink.o
 .debug_macro   0x000000000000176e       0x29 build//home/tonix/Documents/CINVESTAV/Proyecto_Tolteca/Nuand_modified/NuandRFProyect/FPGA_FW/dupinSoC/fw/blink/src/blink.o
 .debug_macro   0x0000000000001797       0xe8 build//home/tonix/Documents/CINVESTAV/Proyecto_Tolteca/Nuand_modified/NuandRFProyect/FPGA_FW/dupinSoC/fw/blink/src/blink.o
 .debug_macro   0x000000000000187f      0x1b4 build//home/tonix/Documents/CINVESTAV/Proyecto_Tolteca/Nuand_modified/NuandRFProyect/FPGA_FW/dupinSoC/fw/blink/src/blink.o
 .debug_macro   0x0000000000001a33       0xef build//home/tonix/Documents/CINVESTAV/Proyecto_Tolteca/Nuand_modified/NuandRFProyect/FPGA_FW/dupinSoC/fw/blink/src/blink.o
 .debug_macro   0x0000000000001b22      0x1df build//home/tonix/Documents/CINVESTAV/Proyecto_Tolteca/Nuand_modified/NuandRFProyect/FPGA_FW/dupinSoC/fw/blink/src/blink.o
 .debug_macro   0x0000000000001d01       0x46 build//home/tonix/Documents/CINVESTAV/Proyecto_Tolteca/Nuand_modified/NuandRFProyect/FPGA_FW/dupinSoC/fw/blink/src/blink.o
 .debug_macro   0x0000000000001d47       0x40 build//home/tonix/Documents/CINVESTAV/Proyecto_Tolteca/Nuand_modified/NuandRFProyect/FPGA_FW/dupinSoC/fw/blink/src/blink.o

.debug_line     0x0000000000000000      0x4ea
 .debug_line    0x0000000000000000      0x415 build//home/tonix/Documents/CINVESTAV/Proyecto_Tolteca/Nuand_modified/NuandRFProyect/FPGA_FW/dupinSoC/fw/blink/src/blink.o
 .debug_line    0x0000000000000415       0xd5 build//home/tonix/Documents/CINVESTAV/Proyecto_Tolteca/Nuand_modified/NuandRFProyect/FPGA_FW/dupinSoC/fw/bsp/CinvestavDupin/libraries/common/start.o

.debug_str      0x0000000000000000     0x8605
 .debug_str     0x0000000000000000     0x85ca build//home/tonix/Documents/CINVESTAV/Proyecto_Tolteca/Nuand_modified/NuandRFProyect/FPGA_FW/dupinSoC/fw/blink/src/blink.o
                                       0x8801 (size before relaxing)
 .debug_str     0x00000000000085ca       0x3b build//home/tonix/Documents/CINVESTAV/Proyecto_Tolteca/Nuand_modified/NuandRFProyect/FPGA_FW/dupinSoC/fw/bsp/CinvestavDupin/libraries/common/start.o
                                         0xa4 (size before relaxing)

.comment        0x0000000000000000       0x11
 .comment       0x0000000000000000       0x11 build//home/tonix/Documents/CINVESTAV/Proyecto_Tolteca/Nuand_modified/NuandRFProyect/FPGA_FW/dupinSoC/fw/blink/src/blink.o
                                         0x12 (size before relaxing)
 .comment       0x0000000000000011       0x12 /opt/riscv/bin/../lib/gcc/riscv64-unknown-elf/7.2.0/../../../../riscv64-unknown-elf/lib/rv32i/ilp32/libc.a(lib_a-init.o)

.debug_frame    0x0000000000000000       0x38
 .debug_frame   0x0000000000000000       0x38 build//home/tonix/Documents/CINVESTAV/Proyecto_Tolteca/Nuand_modified/NuandRFProyect/FPGA_FW/dupinSoC/fw/blink/src/blink.o
