Archive member included to satisfy reference by file (symbol)

/opt/riscv/bin/../lib/gcc/riscv64-unknown-elf/7.2.0/../../../../riscv64-unknown-elf/lib/rv32i/ilp32/libc.a(lib_a-init.o)
                              build//home/tonix/Documents/CINVESTAV/Proyecto_Tolteca/Nuand_modified/NuandRFProyect/FPGA_FW/dupinSoC/fw/bsp/CinvestavDupin/libraries/common/start.o (__libc_init_array)
/opt/riscv/bin/../lib/gcc/riscv64-unknown-elf/7.2.0/../../../../riscv64-unknown-elf/lib/rv32i/ilp32/libc.a(lib_a-memcpy.o)
                              build//home/tonix/Documents/CINVESTAV/Proyecto_Tolteca/Nuand_modified/NuandRFProyect/FPGA_FW/dupinSoC/fw/ad9361_project/src/ad9361_api.o (memcpy)
/opt/riscv/bin/../lib/gcc/riscv64-unknown-elf/7.2.0/../../../../riscv64-unknown-elf/lib/rv32i/ilp32/libc.a(lib_a-memset.o)
                              build//home/tonix/Documents/CINVESTAV/Proyecto_Tolteca/Nuand_modified/NuandRFProyect/FPGA_FW/dupinSoC/fw/ad9361_project/src/ad9361.o (memset)
/opt/riscv/bin/../lib/gcc/riscv64-unknown-elf/7.2.0/../../../../riscv64-unknown-elf/lib/rv32i/ilp32/libc.a(lib_a-printf.o)
                              build//home/tonix/Documents/CINVESTAV/Proyecto_Tolteca/Nuand_modified/NuandRFProyect/FPGA_FW/dupinSoC/fw/ad9361_project/src/ad9361.o (printf)
/opt/riscv/bin/../lib/gcc/riscv64-unknown-elf/7.2.0/../../../../riscv64-unknown-elf/lib/rv32i/ilp32/libc.a(lib_a-putchar.o)
                              build//home/tonix/Documents/CINVESTAV/Proyecto_Tolteca/Nuand_modified/NuandRFProyect/FPGA_FW/dupinSoC/fw/ad9361_project/src/ad9361.o (putchar)
/opt/riscv/bin/../lib/gcc/riscv64-unknown-elf/7.2.0/../../../../riscv64-unknown-elf/lib/rv32i/ilp32/libc.a(lib_a-putc.o)
                              /opt/riscv/bin/../lib/gcc/riscv64-unknown-elf/7.2.0/../../../../riscv64-unknown-elf/lib/rv32i/ilp32/libc.a(lib_a-putchar.o) (_putc_r)
/opt/riscv/bin/../lib/gcc/riscv64-unknown-elf/7.2.0/../../../../riscv64-unknown-elf/lib/rv32i/ilp32/libc.a(lib_a-sscanf.o)
                              build//home/tonix/Documents/CINVESTAV/Proyecto_Tolteca/Nuand_modified/NuandRFProyect/FPGA_FW/dupinSoC/fw/ad9361_project/src/ad9361.o (sscanf)
/opt/riscv/bin/../lib/gcc/riscv64-unknown-elf/7.2.0/../../../../riscv64-unknown-elf/lib/rv32i/ilp32/libc.a(lib_a-stdio.o)
                              /opt/riscv/bin/../lib/gcc/riscv64-unknown-elf/7.2.0/../../../../riscv64-unknown-elf/lib/rv32i/ilp32/libc.a(lib_a-sscanf.o) (__seofread)
/opt/riscv/bin/../lib/gcc/riscv64-unknown-elf/7.2.0/../../../../riscv64-unknown-elf/lib/rv32i/ilp32/libc.a(lib_a-strlen.o)
                              /opt/riscv/bin/../lib/gcc/riscv64-unknown-elf/7.2.0/../../../../riscv64-unknown-elf/lib/rv32i/ilp32/libc.a(lib_a-sscanf.o) (strlen)
/opt/riscv/bin/../lib/gcc/riscv64-unknown-elf/7.2.0/../../../../riscv64-unknown-elf/lib/rv32i/ilp32/libc.a(lib_a-strsep.o)
                              build//home/tonix/Documents/CINVESTAV/Proyecto_Tolteca/Nuand_modified/NuandRFProyect/FPGA_FW/dupinSoC/fw/ad9361_project/src/ad9361.o (strsep)
/opt/riscv/bin/../lib/gcc/riscv64-unknown-elf/7.2.0/../../../../riscv64-unknown-elf/lib/rv32i/ilp32/libc.a(lib_a-strtok_r.o)
                              /opt/riscv/bin/../lib/gcc/riscv64-unknown-elf/7.2.0/../../../../riscv64-unknown-elf/lib/rv32i/ilp32/libc.a(lib_a-strsep.o) (__strtok_r)
/opt/riscv/bin/../lib/gcc/riscv64-unknown-elf/7.2.0/../../../../riscv64-unknown-elf/lib/rv32i/ilp32/libc.a(lib_a-svfscanf.o)
                              /opt/riscv/bin/../lib/gcc/riscv64-unknown-elf/7.2.0/../../../../riscv64-unknown-elf/lib/rv32i/ilp32/libc.a(lib_a-sscanf.o) (__ssvfscanf_r)
/opt/riscv/bin/../lib/gcc/riscv64-unknown-elf/7.2.0/../../../../riscv64-unknown-elf/lib/rv32i/ilp32/libc.a(lib_a-vfprintf.o)
                              /opt/riscv/bin/../lib/gcc/riscv64-unknown-elf/7.2.0/../../../../riscv64-unknown-elf/lib/rv32i/ilp32/libc.a(lib_a-printf.o) (_vfprintf_r)
/opt/riscv/bin/../lib/gcc/riscv64-unknown-elf/7.2.0/../../../../riscv64-unknown-elf/lib/rv32i/ilp32/libc.a(lib_a-wbuf.o)
                              /opt/riscv/bin/../lib/gcc/riscv64-unknown-elf/7.2.0/../../../../riscv64-unknown-elf/lib/rv32i/ilp32/libc.a(lib_a-putc.o) (__swbuf_r)
/opt/riscv/bin/../lib/gcc/riscv64-unknown-elf/7.2.0/../../../../riscv64-unknown-elf/lib/rv32i/ilp32/libc.a(lib_a-writer.o)
                              /opt/riscv/bin/../lib/gcc/riscv64-unknown-elf/7.2.0/../../../../riscv64-unknown-elf/lib/rv32i/ilp32/libc.a(lib_a-stdio.o) (_write_r)
/opt/riscv/bin/../lib/gcc/riscv64-unknown-elf/7.2.0/../../../../riscv64-unknown-elf/lib/rv32i/ilp32/libc.a(lib_a-wsetup.o)
                              /opt/riscv/bin/../lib/gcc/riscv64-unknown-elf/7.2.0/../../../../riscv64-unknown-elf/lib/rv32i/ilp32/libc.a(lib_a-vfprintf.o) (__swsetup_r)
/opt/riscv/bin/../lib/gcc/riscv64-unknown-elf/7.2.0/../../../../riscv64-unknown-elf/lib/rv32i/ilp32/libc.a(lib_a-closer.o)
[...]
Memory Configuration

Name             Origin             Length             Attributes
ram              0x0000000080000000 0x0000000000040000 axwl !r
*default*        0x0000000000000000 0xffffffffffffffff

Linker script and memory map

LOAD build//home/tonix/Documents/CINVESTAV/Proyecto_Tolteca/Nuand_modified/NuandRFProyect/FPGA_FW/dupinSoC/fw/ad9361_project/src/ad9361_api.o
LOAD build//home/tonix/Documents/CINVESTAV/Proyecto_Tolteca/Nuand_modified/NuandRFProyect/FPGA_FW/dupinSoC/fw/ad9361_project/src/ad9361.o
LOAD build//home/tonix/Documents/CINVESTAV/Proyecto_Tolteca/Nuand_modified/NuandRFProyect/FPGA_FW/dupinSoC/fw/ad9361_project/src/ad9361_conv.o
LOAD build//home/tonix/Documents/CINVESTAV/Proyecto_Tolteca/Nuand_modified/NuandRFProyect/FPGA_FW/dupinSoC/fw/ad9361_project/src/parser.o
LOAD build//home/tonix/Documents/CINVESTAV/Proyecto_Tolteca/Nuand_modified/NuandRFProyect/FPGA_FW/dupinSoC/fw/ad9361_project/src/main.o
LOAD build//home/tonix/Documents/CINVESTAV/Proyecto_Tolteca/Nuand_modified/NuandRFProyect/FPGA_FW/dupinSoC/fw/ad9361_project/src/util.o
LOAD build//home/tonix/Documents/CINVESTAV/Proyecto_Tolteca/Nuand_modified/NuandRFProyect/FPGA_FW/dupinSoC/fw/ad9361_project/src/platform_generic/platform.o
LOAD build//home/tonix/Documents/CINVESTAV/Proyecto_Tolteca/Nuand_modified/NuandRFProyect/FPGA_FW/dupinSoC/fw/bsp/CinvestavDupin/libraries/common/start.o
LOAD /opt/riscv/bin/../lib/gcc/riscv64-unknown-elf/7.2.0/../../../../riscv64-unknown-elf/lib/rv32i/ilp32/libc.a
LOAD /opt/riscv/bin/../lib/gcc/riscv64-unknown-elf/7.2.0/rv32i/ilp32/libgcc.a
                0x0000000000000400                __stack_size = DEFINED (__stack_size)?__stack_size:0x400

.init           0x0000000080000000       0x60
 *(SORT(.init))
 .init          0x0000000080000000       0x60 build//home/tonix/Documents/CINVESTAV/Proyecto_Tolteca/Nuand_modified/NuandRFProyect/FPGA_FW/dupinSoC/fw/bsp/CinvestavDupin/libraries/common/start.o
                0x0000000080000000                _start
                0x000000008000005c                _init

.text           0x0000000080000060    0x27a04
 *(.text.unlikely .text.unlikely.*)
 .text.unlikely
                0x0000000080000060       0x84 /opt/riscv/bin/../lib/gcc/riscv64-unknown-elf/7.2.0/../../../../riscv64-unknown-elf/lib/rv32i/ilp32/libc.a(lib_a-strtod.o)
 *(.text.startup .text.startup.*)
 *(.text .text.*)
 .text          0x00000000800000e4     0x207c build//home/tonix/Documents/CINVESTAV/Proyecto_Tolteca/Nuand_modified/NuandRFProyect/FPGA_FW/dupinSoC/fw/ad9361_project/src/ad9361_api.o
                0x00000000800000e4                ad9361_init
                0x0000000080000c2c                ad9361_set_en_state_machine_mode
                0x0000000080000d14                ad9361_get_en_state_machine_mode
                0x0000000080000e20                ad9361_set_rx_rf_gain
                0x0000000080000ea0                ad9361_get_rx_rf_gain
                0x0000000080000f30                ad9361_set_rx_rf_bandwidth
                0x0000000080000f74                ad9361_get_rx_rf_bandwidth
                0x0000000080000f84                ad9361_set_rx_sampling_freq
                0x0000000080000fd8                ad9361_get_rx_sampling_freq
                0x0000000080001008                ad9361_set_rx_lo_freq
                0x0000000080001050                ad9361_get_rx_lo_freq
                0x0000000080001088                ad9361_set_rx_lo_int_ext
                0x00000000800010c4                ad9361_get_rx_rssi
                0x0000000080001130                ad9361_set_rx_gain_control_mode
                0x00000000800011b8                ad9361_get_rx_gain_control_mode
                0x00000000800011cc                ad9361_set_rx_fir_config
                0x0000000080001200                ad9361_get_rx_fir_config
                0x0000000080001344                ad9361_set_rx_fir_en_dis
                0x0000000080001390                ad9361_get_rx_fir_en_dis
                0x00000000800013a4                ad9361_set_rx_rfdc_track_en_dis
                0x00000000800013dc                ad9361_get_rx_rfdc_track_en_dis
                0x00000000800013ec                ad9361_set_rx_bbdc_track_en_dis
                0x0000000080001424                ad9361_get_rx_bbdc_track_en_dis
                0x0000000080001434                ad9361_set_rx_quad_track_en_dis
                0x000000008000146c                ad9361_get_rx_quad_track_en_dis
                0x000000008000147c                ad9361_set_rx_rf_port_input
                0x00000000800014ac                ad9361_get_rx_rf_port_input
                0x00000000800014c0                ad9361_rx_fastlock_store
                0x00000000800014e0                ad9361_rx_fastlock_recall
                0x0000000080001500                ad9361_rx_fastlock_load
                0x0000000080001524                ad9361_rx_fastlock_save
                0x0000000080001548                ad9361_set_tx_attenuation
                0x00000000800015c0                ad9361_get_tx_attenuation
                0x000000008000162c                ad9361_set_tx_rf_bandwidth
                0x0000000080001670                ad9361_get_tx_rf_bandwidth
                0x0000000080001680                ad9361_set_tx_sampling_freq
                0x00000000800016d4                ad9361_get_tx_sampling_freq
                0x0000000080001704                ad9361_set_tx_lo_freq
                0x000000008000174c                ad9361_get_tx_lo_freq
                0x0000000080001784                ad9361_set_tx_lo_int_ext
                0x00000000800017c0                ad9361_set_tx_fir_config
                0x00000000800017f0                ad9361_get_tx_fir_config
                0x000000008000191c                ad9361_set_tx_fir_en_dis
                0x0000000080001968                ad9361_get_tx_fir_en_dis
                0x000000008000197c                ad9361_get_tx_rssi
                0x0000000080001a4c                ad9361_set_tx_rf_port_output
                0x0000000080001a7c                ad9361_get_tx_rf_port_output
                0x0000000080001a90                ad9361_set_tx_auto_cal_en_dis
                0x0000000080001aac                ad9361_get_tx_auto_cal_en_dis
                0x0000000080001abc                ad9361_tx_fastlock_store
                0x0000000080001adc                ad9361_tx_fastlock_recall
                0x0000000080001afc                ad9361_tx_fastlock_load
                0x0000000080001b20                ad9361_tx_fastlock_save
                0x0000000080001b44                ad9361_set_trx_path_clks
                0x0000000080001b7c                ad9361_get_trx_path_clks
                0x0000000080001b94                ad9361_set_no_ch_mode
                0x0000000080001df4                ad9361_do_mcs
                0x0000000080001ef8                ad9361_set_trx_fir_en_dis
                0x0000000080001f58                ad9361_set_trx_rate_gov
                0x0000000080001f74                ad9361_get_trx_rate_gov
                0x0000000080001f84                ad9361_do_calib
                0x0000000080001f9c                ad9361_trx_load_enable_fir
                0x0000000080002108                ad9361_do_dcxo_tune_coarse
                0x0000000080002134                ad9361_do_dcxo_tune_fine
 .text          0x0000000080002160     0xaeb4 build//home/tonix/Documents/CINVESTAV/Proyecto_Tolteca/Nuand_modified/NuandRFProyect/FPGA_FW/dupinSoC/fw/ad9361_project/src/ad9361.o
                0x0000000080002578                ad9361_spi_read_APIm
                0x000000008000273c                ad9361_spi_read_API
                0x0000000080002adc                ad9361_spi_write
                0x0000000080007294                ad9361_validate_rf_bw
                0x00000000800072e8                ad9361_validate_rfpll
                0x00000000800074a4                ad9361_find_opt
                0x0000000080007b84                ad9361_1rx1tx_channel_map
                0x0000000080007bb8                ad9361_reset
                0x0000000080007c64                ad9361_en_dis_tx
                0x0000000080007d0c                ad9361_en_dis_rx
                0x0000000080007d68                ad9361_bist_loopback
                0x0000000080007e70                ad9361_get_bist_loopback
                0x0000000080007e7c                ad9361_bist_prbs
                0x0000000080007ec4                ad9361_get_bist_prbs
                0x0000000080007ed0                ad9361_bist_tone
                0x0000000080007ffc                ad9361_get_bist_tone
                0x0000000080008020                ad9361_to_clk
                0x0000000080008030                ad9361_from_clk
                0x0000000080008258                ad9361_set_tx_atten
                0x000000008000836c                ad9361_get_tx_atten
                0x00000000800083c0                ad9361_tx_mute
                0x0000000080008478                ad9361_get_rx_gain
                0x00000000800085d0                ad9361_ensm_force_state
                0x00000000800086fc                ad9361_ensm_restore_prev_state
                0x00000000800087ec                ad9361_set_rx_gain
                0x00000000800088e0                ad9361_init_gain_tables
                0x0000000080008964                ad9361_set_gain_ctrl_mode
                0x0000000080008b28                ad9361_read_rssi
                0x0000000080008c2c                ad9361_tracking_control
                0x0000000080008d58                ad9361_set_dcxo_tune
                0x0000000080008db8                ad9361_rf_port_setup
                0x0000000080008e58                ad9361_auxdac_get
                0x0000000080008e80                ad9361_get_temp
                0x0000000080008f1c                ad9361_get_auxadc
                0x0000000080008fb4                ad9361_ensm_set_state
                0x00000000800093a4                ad9361_set_trx_clock_chain
                0x00000000800095a4                ad9361_get_trx_clock_chain
                0x00000000800096a0                ad9361_calculate_rf_clock_chain
                0x0000000080009a88                ad9361_set_trx_clock_chain_freq
                0x0000000080009acc                ad9361_set_ensm_mode
                0x0000000080009ba4                ad9361_fastlock_load
                0x0000000080009cf0                ad9361_fastlock_store
                0x000000008000a058                ad9361_fastlock_recall
                0x000000008000a27c                ad9361_fastlock_save
                0x000000008000a2fc                ad9361_mcs
                0x000000008000a498                ad9361_clear_state
                0x000000008000a540                ad9361_do_calib_run
                0x000000008000a618                ad9361_update_rf_bandwidth
                0x000000008000a6c8                ad9361_load_fir_filter_coef
                0x000000008000a9ec                ad9361_parse_fir
                0x000000008000acd8                ad9361_validate_enable_fir
                0x000000008000afcc                ad9361_clk_factor_recalc_rate
                0x000000008000b010                ad9361_clk_factor_round_rate
                0x000000008000b0d0                ad9361_clk_factor_set_rate
                0x000000008000b168                ad9361_bbpll_recalc_rate
                0x000000008000b208                ad9361_bbpll_round_rate
                0x000000008000b314                ad9361_bbpll_set_rate
                0x000000008000b52c                ad9361_rfpll_int_recalc_rate
                0x000000008000b6d8                ad9361_rfpll_int_round_rate
                0x000000008000b740                ad9361_rfpll_int_set_rate
                0x000000008000babc                ad9361_rfpll_dummy_recalc_rate
                0x000000008000badc                ad9361_rfpll_dummy_set_rate
                0x000000008000bb00                ad9361_rfpll_recalc_rate
                0x000000008000be1c                ad9361_rfpll_round_rate
                0x000000008000bed8                ad9361_rfpll_set_rate
                0x000000008000c08c                ad9361_clk_mux_set_parent
                0x000000008000c10c                ad9361_setup
                0x000000008000c994                register_clocks
                0x000000008000ccb4                ad9361_rssi_gain_step_calib
 .text          0x000000008000d014       0x18 build//home/tonix/Documents/CINVESTAV/Proyecto_Tolteca/Nuand_modified/NuandRFProyect/FPGA_FW/dupinSoC/fw/ad9361_project/src/ad9361_conv.o
                0x000000008000d014                ad9361_hdl_loopback
                0x000000008000d01c                ad9361_dig_tune
                0x000000008000d024                ad9361_post_setup
 .text          0x000000008000d02c      0x29c build//home/tonix/Documents/CINVESTAV/Proyecto_Tolteca/Nuand_modified/NuandRFProyect/FPGA_FW/dupinSoC/fw/ad9361_project/src/parser.o
                0x000000008000d02c                opcode_callback
                0x000000008000d05c                push_param
                0x000000008000d080                opcode_preanalysis
 .text          0x000000008000d2c8      0x134 build//home/tonix/Documents/CINVESTAV/Proyecto_Tolteca/Nuand_modified/NuandRFProyect/FPGA_FW/dupinSoC/fw/ad9361_project/src/main.o
                0x000000008000d2c8                main
 .text          0x000000008000d3fc      0x788 build//home/tonix/Documents/CINVESTAV/Proyecto_Tolteca/Nuand_modified/NuandRFProyect/FPGA_FW/dupinSoC/fw/ad9361_project/src/util.o
                0x000000008000d3fc                clk_prepare_enable
                0x000000008000d404                clk_get_rate
                0x000000008000d4e0                clk_set_rate
                0x000000008000d99c                int_sqrt
                0x000000008000d9dc                ilog2
                0x000000008000da78                do_div
                0x000000008000db18                find_first_bit
                0x000000008000db78                ERR_PTR
                0x000000008000db7c                zmalloc
 .text          0x000000008000db84      0x408 build//home/tonix/Documents/CINVESTAV/Proyecto_Tolteca/Nuand_modified/NuandRFProyect/FPGA_FW/dupinSoC/fw/ad9361_project/src/platform_generic/platform.o
                0x000000008000dcfc                spi_init
                0x000000008000dd44                spi_read_API
                0x000000008000ddb4                spi_write_then_read
                0x000000008000de5c                gpio_init
                0x000000008000de60                gpio_direction
                0x000000008000dea4                gpio_is_valid
                0x000000008000debc                gpio_data
                0x000000008000ded8                gpio_set_value
                0x000000008000df20                udelay
                0x000000008000df3c                mdelay
                0x000000008000df84                msleep_interruptible
 .text          0x000000008000df8c        0x0 build//home/tonix/Documents/CINVESTAV/Proyecto_Tolteca/Nuand_modified/NuandRFProyect/FPGA_FW/dupinSoC/fw/bsp/CinvestavDupin/libraries/common/start.o
 .text          0x000000008000df8c       0x98 /opt/riscv/bin/../lib/gcc/riscv64-unknown-elf/7.2.0/../../../../riscv64-unknown-elf/lib/rv32i/ilp32/libc.a(lib_a-init.o)
                0x000000008000df8c                __libc_init_array
 .text          0x000000008000e024       0xe8 /opt/riscv/bin/../lib/gcc/riscv64-unknown-elf/7.2.0/../../../../riscv64-unknown-elf/lib/rv32i/ilp32/libc.a(lib_a-memcpy.o)
                0x000000008000e024                memcpy
 .text          0x000000008000e10c       0xdc /opt/riscv/bin/../lib/gcc/riscv64-unknown-elf/7.2.0/../../../../riscv64-unknown-elf/lib/rv32i/ilp32/libc.a(lib_a-memset.o)
                0x000000008000e10c                memset
 .text          0x000000008000e1e8       0x90 /opt/riscv/bin/../lib/gcc/riscv64-unknown-elf/7.2.0/../../../../riscv64-unknown-elf/lib/rv32i/ilp32/libc.a(lib_a-printf.o)
                0x000000008000e1e8                _printf_r
                0x000000008000e228                printf
 .text          0x000000008000e278       0x20 /opt/riscv/bin/../lib/gcc/riscv64-unknown-elf/7.2.0/../../../../riscv64-unknown-elf/lib/rv32i/ilp32/libc.a(lib_a-putchar.o)
                0x000000008000e278                _putchar_r
                0x000000008000e280                putchar
 .text          0x000000008000e298       0xa0 /opt/riscv/bin/../lib/gcc/riscv64-unknown-elf/7.2.0/../../../../riscv64-unknown-elf/lib/rv32i/ilp32/libc.a(lib_a-putc.o)
                0x000000008000e298                _putc_r
                0x000000008000e324                putc
 .text          0x000000008000e338      0x114 /opt/riscv/bin/../lib/gcc/riscv64-unknown-elf/7.2.0/../../../../riscv64-unknown-elf/lib/rv32i/ilp32/libc.a(lib_a-sscanf.o)
                0x000000008000e338                sscanf
                0x000000008000e3c0                _sscanf_r
 .text          0x000000008000e44c      0x13c /opt/riscv/bin/../lib/gcc/riscv64-unknown-elf/7.2.0/../../../../riscv64-unknown-elf/lib/rv32i/ilp32/libc.a(lib_a-stdio.o)
                0x000000008000e44c                __sread
                0x000000008000e49c                __seofread
                0x000000008000e4a4                __swrite
                0x000000008000e528                __sseek
                0x000000008000e580                __sclose
 .text          0x000000008000e588       0x1c /opt/riscv/bin/../lib/gcc/riscv64-unknown-elf/7.2.0/../../../../riscv64-unknown-elf/lib/rv32i/ilp32/libc.a(lib_a-strlen.o)
                0x000000008000e588                strlen
 .text          0x000000008000e5a4       0x10 /opt/riscv/bin/../lib/gcc/riscv64-unknown-elf/7.2.0/../../../../riscv64-unknown-elf/lib/rv32i/ilp32/libc.a(lib_a-strsep.o)
                0x000000008000e5a4                strsep
 .text          0x000000008000e5b4       0x90 /opt/riscv/bin/../lib/gcc/riscv64-unknown-elf/7.2.0/../../../../riscv64-unknown-elf/lib/rv32i/ilp32/libc.a(lib_a-strtok_r.o)
                0x000000008000e5b4                __strtok_r
                0x000000008000e63c                strtok_r
 .text          0x000000008000e644     0x12e0 /opt/riscv/bin/../lib/gcc/riscv64-unknown-elf/7.2.0/../../../../riscv64-unknown-elf/lib/rv32i/ilp32/libc.a(lib_a-svfscanf.o)
                0x000000008000e644                __ssvfscanf_r
 .text          0x000000008000f924     0x209c /opt/riscv/bin/../lib/gcc/riscv64-unknown-elf/7.2.0/../../../../riscv64-unknown-elf/lib/rv32i/ilp32/libc.a(lib_a-vfprintf.o)
                0x000000008000f924                _vfprintf_r
                0x00000000800118ec                vfprintf
 .text          0x00000000800119c0      0x144 /opt/riscv/bin/../lib/gcc/riscv64-unknown-elf/7.2.0/../../../../riscv64-unknown-elf/lib/rv32i/ilp32/libc.a(lib_a-wbuf.o)
                0x00000000800119c0                __swbuf_r
                0x0000000080011af0                __swbuf
 .text          0x0000000080011b04       0x4c /opt/riscv/bin/../lib/gcc/riscv64-unknown-elf/7.2.0/../../../../riscv64-unknown-elf/lib/rv32i/ilp32/libc.a(lib_a-writer.o)
                0x0000000080011b04                _write_r
 .text          0x0000000080011b50      0x138 /opt/riscv/bin/../lib/gcc/riscv64-unknown-elf/7.2.0/../../../../riscv64-unknown-elf/lib/rv32i/ilp32/libc.a(lib_a-wsetup.o)
                0x0000000080011b50                __swsetup_r
 .text          0x0000000080011c88       0x44 /opt/riscv/bin/../lib/gcc/riscv64-unknown-elf/7.2.0/../../../../riscv64-unknown-elf/lib/rv32i/ilp32/libc.a(lib_a-closer.o)
                0x0000000080011c88                _close_r
 .text          0x0000000080011ccc      0x288 /opt/riscv/bin/../lib/gcc/riscv64-unknown-elf/7.2.0/../../../../riscv64-unknown-elf/lib/rv32i/ilp32/libc.a(lib_a-fflush.o)
                0x0000000080011ccc                __sflush_r
                0x0000000080011ed4                _fflush_r
                0x0000000080011f2c                fflush
 .text          0x0000000080011f54      0x2d0 /opt/riscv/bin/../lib/gcc/riscv64-unknown-elf/7.2.0/../../../../riscv64-unknown-elf/lib/rv32i/ilp32/libc.a(lib_a-findfp.o)
                0x0000000080011f5c                _cleanup_r
                0x0000000080011ff8                __sfmoreglue
                0x0000000080012070                _cleanup
                0x000000008001207c                __sinit
                0x0000000080012100                __sfp
                0x00000000800121ec                __sfp_lock_acquire
                0x00000000800121f0                __sfp_lock_release
                0x00000000800121f4                __sinit_lock_acquire
                0x00000000800121f8                __sinit_lock_release
                0x00000000800121fc                __fp_lock_all
                0x0000000080012210                __fp_unlock_all
 .text          0x0000000080012224      0x38c /opt/riscv/bin/../lib/gcc/riscv64-unknown-elf/7.2.0/../../../../riscv64-unknown-elf/lib/rv32i/ilp32/libc.a(lib_a-freer.o)
                0x0000000080012224                _malloc_trim_r
                0x000000008001233c                _free_r
 .text          0x00000000800125b0      0x154 /opt/riscv/bin/../lib/gcc/riscv64-unknown-elf/7.2.0/../../../../riscv64-unknown-elf/lib/rv32i/ilp32/libc.a(lib_a-fwalk.o)
                0x00000000800125b0                _fwalk
                0x0000000080012650                _fwalk_reent
 .text          0x0000000080012704        0x0 /opt/riscv/bin/../lib/gcc/riscv64-unknown-elf/7.2.0/../../../../riscv64-unknown-elf/lib/rv32i/ilp32/libc.a(lib_a-impure.o)
 .text          0x0000000080012704       0x40 /opt/riscv/bin/../lib/gcc/riscv64-unknown-elf/7.2.0/../../../../riscv64-unknown-elf/lib/rv32i/ilp32/libc.a(lib_a-iswspace.o)
                0x0000000080012704                iswspace
 .text          0x0000000080012744     0x206c /opt/riscv/bin/../lib/gcc/riscv64-unknown-elf/7.2.0/../../../../riscv64-unknown-elf/lib/rv32i/ilp32/libc.a(lib_a-ldtoa.o)
                0x0000000080013b08                _ldtoa_r
                0x000000008001474c                _ldcheck
 .text          0x00000000800147b0       0x48 /opt/riscv/bin/../lib/gcc/riscv64-unknown-elf/7.2.0/../../../../riscv64-unknown-elf/lib/rv32i/ilp32/libc.a(lib_a-localeconv.o)
                0x00000000800147b0                __localeconv_l
                0x00000000800147b8                _localeconv_r
                0x00000000800147d8                localeconv
 .text          0x00000000800147f8       0xdc /opt/riscv/bin/../lib/gcc/riscv64-unknown-elf/7.2.0/../../../../riscv64-unknown-elf/lib/rv32i/ilp32/libc.a(lib_a-locale.o)
                0x00000000800147f8                _setlocale_r
                0x0000000080014878                __locale_mb_cur_max
                0x0000000080014898                __locale_ctype_ptr_l
                0x00000000800148a0                __locale_ctype_ptr
                0x00000000800148c0                setlocale
 .text          0x00000000800148d4       0x4c /opt/riscv/bin/../lib/gcc/riscv64-unknown-elf/7.2.0/../../../../riscv64-unknown-elf/lib/rv32i/ilp32/libc.a(lib_a-lseekr.o)
                0x00000000800148d4                _lseek_r
 .text          0x0000000080014920      0x18c /opt/riscv/bin/../lib/gcc/riscv64-unknown-elf/7.2.0/../../../../riscv64-unknown-elf/lib/rv32i/ilp32/libc.a(lib_a-makebuf.o)
                0x0000000080014920                __swhatbuf_r
                0x00000000800149bc                __smakebuf_r
 .text          0x0000000080014aac      0x67c /opt/riscv/bin/../lib/gcc/riscv64-unknown-elf/7.2.0/../../../../riscv64-unknown-elf/lib/rv32i/ilp32/libc.a(lib_a-mallocr.o)
                0x0000000080014aac                _malloc_r
 .text          0x0000000080015128       0xb0 /opt/riscv/bin/../lib/gcc/riscv64-unknown-elf/7.2.0/../../../../riscv64-unknown-elf/lib/rv32i/ilp32/libc.a(lib_a-mbrtowc.o)
                0x0000000080015128                _mbrtowc_r
                0x00000000800151bc                mbrtowc
 .text          0x00000000800151d8       0x7c /opt/riscv/bin/../lib/gcc/riscv64-unknown-elf/7.2.0/../../../../riscv64-unknown-elf/lib/rv32i/ilp32/libc.a(lib_a-mbtowc_r.o)
                0x00000000800151d8                _mbtowc_r
                0x00000000800151f8                __ascii_mbtowc
 .text          0x0000000080015254       0x24 /opt/riscv/bin/../lib/gcc/riscv64-unknown-elf/7.2.0/../../../../riscv64-unknown-elf/lib/rv32i/ilp32/libc.a(lib_a-memchr.o)
                0x0000000080015254                memchr
 .text          0x0000000080015278        0x8 /opt/riscv/bin/../lib/gcc/riscv64-unknown-elf/7.2.0/../../../../riscv64-unknown-elf/lib/rv32i/ilp32/libc.a(lib_a-mlock.o)
                0x0000000080015278                __malloc_lock
                0x000000008001527c                __malloc_unlock
 .text          0x0000000080015280      0xf78 /opt/riscv/bin/../lib/gcc/riscv64-unknown-elf/7.2.0/../../../../riscv64-unknown-elf/lib/rv32i/ilp32/libc.a(lib_a-mprec.o)
                0x0000000080015280                _Balloc
                0x0000000080015328                _Bfree
                0x000000008001534c                __multadd
                0x0000000080015480                __s2b
                0x0000000080015584                __hi0bits
                0x00000000800155f8                __lo0bits
                0x00000000800156a8                __i2b
                0x00000000800156dc                __multiply
                0x0000000080015940                __pow5mult
                0x0000000080015a3c                __lshift
                0x0000000080015b80                __mcmp
                0x0000000080015bd4                __mdiff
                0x0000000080015d44                __ulp
                0x0000000080015da4                __b2d
                0x0000000080015ea8                __d2b
                0x0000000080015fe4                __ratio
                0x00000000800160b8                _mprec_log10
                0x0000000080016140                __copybits
                0x0000000080016190                __any_on
 .text          0x00000000800161f8       0x4c /opt/riscv/bin/../lib/gcc/riscv64-unknown-elf/7.2.0/../../../../riscv64-unknown-elf/lib/rv32i/ilp32/libc.a(lib_a-readr.o)
                0x00000000800161f8                _read_r
 .text          0x0000000080016244      0x150 /opt/riscv/bin/../lib/gcc/riscv64-unknown-elf/7.2.0/../../../../riscv64-unknown-elf/lib/rv32i/ilp32/libc.a(lib_a-reent.o)
                0x0000000080016244                cleanup_glue
                0x0000000080016284                _reclaim_reent
 .text          0x0000000080016394       0x44 /opt/riscv/bin/../lib/gcc/riscv64-unknown-elf/7.2.0/../../../../riscv64-unknown-elf/lib/rv32i/ilp32/libc.a(lib_a-sbrkr.o)
                0x0000000080016394                _sbrk_r
 .text          0x00000000800163d8       0xac /opt/riscv/bin/../lib/gcc/riscv64-unknown-elf/7.2.0/../../../../riscv64-unknown-elf/lib/rv32i/ilp32/libc.a(lib_a-sccl.o)
                0x00000000800163d8                __sccl
 .text          0x0000000080016484       0x10 /opt/riscv/bin/../lib/gcc/riscv64-unknown-elf/7.2.0/../../../../riscv64-unknown-elf/lib/rv32i/ilp32/libc.a(lib_a-sf_nan.o)
                0x0000000080016484                nanf
 .text          0x0000000080016494       0xb4 /opt/riscv/bin/../lib/gcc/riscv64-unknown-elf/7.2.0/../../../../riscv64-unknown-elf/lib/rv32i/ilp32/libc.a(lib_a-s_frexp.o)
                0x0000000080016494                frexp
 .text          0x0000000080016548       0xd8 /opt/riscv/bin/../lib/gcc/riscv64-unknown-elf/7.2.0/../../../../riscv64-unknown-elf/lib/rv32i/ilp32/libc.a(lib_a-sprintf.o)
                0x0000000080016548                _sprintf_r
                0x00000000800165ac                sprintf
 .text          0x0000000080016620      0x17c /opt/riscv/bin/../lib/gcc/riscv64-unknown-elf/7.2.0/../../../../riscv64-unknown-elf/lib/rv32i/ilp32/libc.a(lib_a-strcmp.o)
                0x0000000080016620                strcmp
 .text          0x000000008001679c       0x1c /opt/riscv/bin/../lib/gcc/riscv64-unknown-elf/7.2.0/../../../../riscv64-unknown-elf/lib/rv32i/ilp32/libc.a(lib_a-strcpy.o)
                0x000000008001679c                strcpy
 .text          0x00000000800167b8       0x48 /opt/riscv/bin/../lib/gcc/riscv64-unknown-elf/7.2.0/../../../../riscv64-unknown-elf/lib/rv32i/ilp32/libc.a(lib_a-strncpy.o)
                0x00000000800167b8                strncpy
 .text          0x0000000080016800     0x1508 /opt/riscv/bin/../lib/gcc/riscv64-unknown-elf/7.2.0/../../../../riscv64-unknown-elf/lib/rv32i/ilp32/libc.a(lib_a-strtod.o)
                0x0000000080016800                _strtod_l
                0x0000000080017a04                _strtod_r
                0x0000000080017a20                strtod_l
                0x0000000080017a38                strtod
                0x0000000080017a60                strtof_l
                0x0000000080017bac                strtof
 .text          0x0000000080017d08      0x138 /opt/riscv/bin/../lib/gcc/riscv64-unknown-elf/7.2.0/../../../../riscv64-unknown-elf/lib/rv32i/ilp32/libc.a(lib_a-strtold.o)
                0x0000000080017d08                _strtold_r
                0x0000000080017d7c                strtold_l
                0x0000000080017dd8                strtold
 .text          0x0000000080017e40      0x2f4 /opt/riscv/bin/../lib/gcc/riscv64-unknown-elf/7.2.0/../../../../riscv64-unknown-elf/lib/rv32i/ilp32/libc.a(lib_a-strtoll.o)
                0x00000000800180d0                _strtoll_r
                0x00000000800180ec                strtoll_l
                0x0000000080018108                strtoll
 .text          0x0000000080018134      0x27c /opt/riscv/bin/../lib/gcc/riscv64-unknown-elf/7.2.0/../../../../riscv64-unknown-elf/lib/rv32i/ilp32/libc.a(lib_a-strtol.o)
                0x000000008001834c                _strtol_r
                0x0000000080018368                strtol_l
                0x0000000080018384                strtol
 .text          0x00000000800183b0      0x190 /opt/riscv/bin/../lib/gcc/riscv64-unknown-elf/7.2.0/../../../../riscv64-unknown-elf/lib/rv32i/ilp32/libc.a(lib_a-strtorx.o)
                0x00000000800183b0                ULtox
                0x0000000080018484                _strtorx_l
 .text          0x0000000080018540      0x2c0 /opt/riscv/bin/../lib/gcc/riscv64-unknown-elf/7.2.0/../../../../riscv64-unknown-elf/lib/rv32i/ilp32/libc.a(lib_a-strtoull.o)
                0x000000008001879c                _strtoull_r
                0x00000000800187b8                strtoull_l
                0x00000000800187d4                strtoull
 .text          0x0000000080018800      0x260 /opt/riscv/bin/../lib/gcc/riscv64-unknown-elf/7.2.0/../../../../riscv64-unknown-elf/lib/rv32i/ilp32/libc.a(lib_a-strtoul.o)
                0x00000000800189fc                _strtoul_r
                0x0000000080018a18                strtoul_l
                0x0000000080018a34                strtoul
 .text          0x0000000080018a60      0xe80 /opt/riscv/bin/../lib/gcc/riscv64-unknown-elf/7.2.0/../../../../riscv64-unknown-elf/lib/rv32i/ilp32/libc.a(lib_a-svfiscanf.o)
                0x0000000080018a60                _sungetc_r
                0x0000000080018b54                __ssrefill_r
                0x0000000080018bc4                _sfread_r
                0x0000000080018cc8                __ssvfiscanf_r
 .text          0x00000000800198e0     0x1f94 /opt/riscv/bin/../lib/gcc/riscv64-unknown-elf/7.2.0/../../../../riscv64-unknown-elf/lib/rv32i/ilp32/libc.a(lib_a-svfprintf.o)
                0x00000000800198e0                _svfprintf_r
 .text          0x000000008001b874      0x270 /opt/riscv/bin/../lib/gcc/riscv64-unknown-elf/7.2.0/../../../../riscv64-unknown-elf/lib/rv32i/ilp32/libc.a(lib_a-ungetc.o)
                0x000000008001b874                __submore
                0x000000008001b940                _ungetc_r
                0x000000008001bad0                ungetc
 .text          0x000000008001bae4      0xe70 /opt/riscv/bin/../lib/gcc/riscv64-unknown-elf/7.2.0/../../../../riscv64-unknown-elf/lib/rv32i/ilp32/libc.a(lib_a-vfiprintf.o)
                0x000000008001bae4                __sprint_r
                0x000000008001bbe4                _vfiprintf_r
                0x000000008001c880                vfiprintf
 .text          0x000000008001c954       0x50 /opt/riscv/bin/../lib/gcc/riscv64-unknown-elf/7.2.0/../../../../riscv64-unknown-elf/lib/rv32i/ilp32/libc.a(lib_a-wctomb_r.o)
                0x000000008001c954                _wctomb_r
                0x000000008001c974                __ascii_wctomb
 .text          0x000000008001c9a4       0xb0 /opt/riscv/bin/../lib/gcc/riscv64-unknown-elf/7.2.0/../../../../riscv64-unknown-elf/lib/rv32i/ilp32/libc.a(lib_a-callocr.o)
                0x000000008001c9a4                _calloc_r
 .text          0x000000008001ca54        0x0 /opt/riscv/bin/../lib/gcc/riscv64-unknown-elf/7.2.0/../../../../riscv64-unknown-elf/lib/rv32i/ilp32/libc.a(lib_a-ctype_.o)
 .text          0x000000008001ca54       0xec /opt/riscv/bin/../lib/gcc/riscv64-unknown-elf/7.2.0/../../../../riscv64-unknown-elf/lib/rv32i/ilp32/libc.a(lib_a-fclose.o)
                0x000000008001ca54                _fclose_r
                0x000000008001cb30                fclose
 .text          0x000000008001cb40      0x198 /opt/riscv/bin/../lib/gcc/riscv64-unknown-elf/7.2.0/../../../../riscv64-unknown-elf/lib/rv32i/ilp32/libc.a(lib_a-fputwc.o)
                0x000000008001cb40                __fputwc
                0x000000008001cc54                _fputwc_r
                0x000000008001cc80                fputwc
 .text          0x000000008001ccd8       0x48 /opt/riscv/bin/../lib/gcc/riscv64-unknown-elf/7.2.0/../../../../riscv64-unknown-elf/lib/rv32i/ilp32/libc.a(lib_a-fstatr.o)
                0x000000008001ccd8                _fstat_r
 .text          0x000000008001cd20      0x464 /opt/riscv/bin/../lib/gcc/riscv64-unknown-elf/7.2.0/../../../../riscv64-unknown-elf/lib/rv32i/ilp32/libc.a(lib_a-fvwrite.o)
                0x000000008001cd20                __sfvwrite_r
 .text          0x000000008001d184      0x7c0 /opt/riscv/bin/../lib/gcc/riscv64-unknown-elf/7.2.0/../../../../riscv64-unknown-elf/lib/rv32i/ilp32/libc.a(lib_a-gdtoa-gethex.o)
                0x000000008001d224                __hexdig_fun
                0x000000008001d274                __gethex
 .text          0x000000008001d944      0x28c /opt/riscv/bin/../lib/gcc/riscv64-unknown-elf/7.2.0/../../../../riscv64-unknown-elf/lib/rv32i/ilp32/libc.a(lib_a-gdtoa-hexnan.o)
                0x000000008001d980                __match
                0x000000008001d9c4                __hexnan
 .text          0x000000008001dbd0       0x44 /opt/riscv/bin/../lib/gcc/riscv64-unknown-elf/7.2.0/../../../../riscv64-unknown-elf/lib/rv32i/ilp32/libc.a(lib_a-isattyr.o)
                0x000000008001dbd0                _isatty_r
 .text          0x000000008001dc14       0x54 /opt/riscv/bin/../lib/gcc/riscv64-unknown-elf/7.2.0/../../../../riscv64-unknown-elf/lib/rv32i/ilp32/libc.a(lib_a-memmove.o)
                0x000000008001dc14                memmove
 .text          0x000000008001dc68      0x550 /opt/riscv/bin/../lib/gcc/riscv64-unknown-elf/7.2.0/../../../../riscv64-unknown-elf/lib/rv32i/ilp32/libc.a(lib_a-reallocr.o)
                0x000000008001dc68                _realloc_r
 .text          0x000000008001e1b8       0x3c /opt/riscv/bin/../lib/gcc/riscv64-unknown-elf/7.2.0/../../../../riscv64-unknown-elf/lib/rv32i/ilp32/libc.a(lib_a-strncmp.o)
                0x000000008001e1b8                strncmp
 .text          0x000000008001e1f4     0x1da4 /opt/riscv/bin/../lib/gcc/riscv64-unknown-elf/7.2.0/../../../../riscv64-unknown-elf/lib/rv32i/ilp32/libc.a(lib_a-strtodg.o)
                0x000000008001e294                increment
                0x000000008001e660                decrement
                0x000000008001e69c                set_ones
                0x000000008001e744                _strtodg_l
 .text          0x000000008001ff98      0xe08 /opt/riscv/bin/../lib/gcc/riscv64-unknown-elf/7.2.0/../../../../riscv64-unknown-elf/lib/rv32i/ilp32/libc.a(lib_a-svfiprintf.o)
                0x000000008001ff98                __ssprint_r
                0x0000000080020160                _svfiprintf_r
 .text          0x0000000080020da0       0xa4 /opt/riscv/bin/../lib/gcc/riscv64-unknown-elf/7.2.0/../../../../riscv64-unknown-elf/lib/rv32i/ilp32/libc.a(lib_a-wcrtomb.o)
                0x0000000080020da0                _wcrtomb_r
                0x0000000080020e2c                wcrtomb
 .text          0x0000000080020e44        0xc /opt/riscv/bin/../lib/gcc/riscv64-unknown-elf/7.2.0/../../../../riscv64-unknown-elf/lib/rv32i/ilp32/libc.a(lib_a-errno.o)
                0x0000000080020e44                __errno
 .text          0x0000000080020e50      0x5dc /opt/riscv/bin/../lib/gcc/riscv64-unknown-elf/7.2.0/rv32i/ilp32/libgcc.a(_udivdi3.o)
                0x0000000080020e50                __udivdi3
 .text          0x000000008002142c      0x500 /opt/riscv/bin/../lib/gcc/riscv64-unknown-elf/7.2.0/rv32i/ilp32/libgcc.a(_umoddi3.o)
                0x000000008002142c                __umoddi3
 .text          0x000000008002192c      0x808 /opt/riscv/bin/../lib/gcc/riscv64-unknown-elf/7.2.0/rv32i/ilp32/libgcc.a(adddf3.o)
                0x000000008002192c                __adddf3
 .text          0x0000000080022134      0x810 /opt/riscv/bin/../lib/gcc/riscv64-unknown-elf/7.2.0/rv32i/ilp32/libgcc.a(divdf3.o)
                0x0000000080022134                __divdf3
 .text          0x0000000080022944       0x8c /opt/riscv/bin/../lib/gcc/riscv64-unknown-elf/7.2.0/rv32i/ilp32/libgcc.a(eqdf2.o)
                0x0000000080022944                __eqdf2
                0x0000000080022944                __nedf2
 .text          0x00000000800229d0       0xfc /opt/riscv/bin/../lib/gcc/riscv64-unknown-elf/7.2.0/rv32i/ilp32/libgcc.a(gedf2.o)
                0x00000000800229d0                __gtdf2
                0x00000000800229d0                __gedf2
 .text          0x0000000080022acc       0xfc /opt/riscv/bin/../lib/gcc/riscv64-unknown-elf/7.2.0/rv32i/ilp32/libgcc.a(ledf2.o)
                0x0000000080022acc                __ltdf2
                0x0000000080022acc                __ledf2
 .text          0x0000000080022bc8      0x6f0 /opt/riscv/bin/../lib/gcc/riscv64-unknown-elf/7.2.0/rv32i/ilp32/libgcc.a(muldf3.o)
                0x0000000080022bc8                __muldf3
 .text          0x00000000800232b8      0x81c /opt/riscv/bin/../lib/gcc/riscv64-unknown-elf/7.2.0/rv32i/ilp32/libgcc.a(subdf3.o)
                0x00000000800232b8                __subdf3
 .text          0x0000000080023ad4       0x4c /opt/riscv/bin/../lib/gcc/riscv64-unknown-elf/7.2.0/rv32i/ilp32/libgcc.a(unorddf2.o)
                0x0000000080023ad4                __unorddf2
 .text          0x0000000080023b20       0x80 /opt/riscv/bin/../lib/gcc/riscv64-unknown-elf/7.2.0/rv32i/ilp32/libgcc.a(fixdfsi.o)
                0x0000000080023b20                __fixdfsi
 .text          0x0000000080023ba0       0x7c /opt/riscv/bin/../lib/gcc/riscv64-unknown-elf/7.2.0/rv32i/ilp32/libgcc.a(fixunsdfsi.o)
                0x0000000080023ba0                __fixunsdfsi
 .text          0x0000000080023c1c       0xc8 /opt/riscv/bin/../lib/gcc/riscv64-unknown-elf/7.2.0/rv32i/ilp32/libgcc.a(floatsidf.o)
                0x0000000080023c1c                __floatsidf
 .text          0x0000000080023ce4       0xa4 /opt/riscv/bin/../lib/gcc/riscv64-unknown-elf/7.2.0/rv32i/ilp32/libgcc.a(floatunsidf.o)
                0x0000000080023ce4                __floatunsidf
 .text          0x0000000080023d88       0xcc /opt/riscv/bin/../lib/gcc/riscv64-unknown-elf/7.2.0/rv32i/ilp32/libgcc.a(eqtf2.o)
                0x0000000080023d88                __eqtf2
                0x0000000080023d88                __netf2
 .text          0x0000000080023e54      0x160 /opt/riscv/bin/../lib/gcc/riscv64-unknown-elf/7.2.0/rv32i/ilp32/libgcc.a(getf2.o)
                0x0000000080023e54                __getf2
                0x0000000080023e54                __gttf2
 .text          0x0000000080023fb4      0x160 /opt/riscv/bin/../lib/gcc/riscv64-unknown-elf/7.2.0/rv32i/ilp32/libgcc.a(letf2.o)
                0x0000000080023fb4                __letf2
                0x0000000080023fb4                __lttf2
 .text          0x0000000080024114     0x1460 /opt/riscv/bin/../lib/gcc/riscv64-unknown-elf/7.2.0/rv32i/ilp32/libgcc.a(multf3.o)
                0x0000000080024114                __multf3
 .text          0x0000000080025574     0x1504 /opt/riscv/bin/../lib/gcc/riscv64-unknown-elf/7.2.0/rv32i/ilp32/libgcc.a(subtf3.o)
                0x0000000080025574                __subtf3
 .text          0x0000000080026a78      0x164 /opt/riscv/bin/../lib/gcc/riscv64-unknown-elf/7.2.0/rv32i/ilp32/libgcc.a(fixtfsi.o)
                0x0000000080026a78                __fixtfsi
 .text          0x0000000080026bdc      0x180 /opt/riscv/bin/../lib/gcc/riscv64-unknown-elf/7.2.0/rv32i/ilp32/libgcc.a(floatsitf.o)
                0x0000000080026bdc                __floatsitf
 .text          0x0000000080026d5c       0xcc /opt/riscv/bin/../lib/gcc/riscv64-unknown-elf/7.2.0/rv32i/ilp32/libgcc.a(lesf2.o)
                0x0000000080026d5c                __lesf2
                0x0000000080026d5c                __ltsf2
 .text          0x0000000080026e28       0x44 /opt/riscv/bin/../lib/gcc/riscv64-unknown-elf/7.2.0/rv32i/ilp32/libgcc.a(unordsf2.o)
                0x0000000080026e28                __unordsf2
 .text          0x0000000080026e6c      0x250 /opt/riscv/bin/../lib/gcc/riscv64-unknown-elf/7.2.0/rv32i/ilp32/libgcc.a(extenddftf2.o)
                0x0000000080026e6c                __extenddftf2
 .text          0x00000000800270bc      0x198 /opt/riscv/bin/../lib/gcc/riscv64-unknown-elf/7.2.0/rv32i/ilp32/libgcc.a(truncdfsf2.o)
                0x00000000800270bc                __truncdfsf2
 .text          0x0000000080027254      0x358 /opt/riscv/bin/../lib/gcc/riscv64-unknown-elf/7.2.0/rv32i/ilp32/libgcc.a(trunctfdf2.o)
                0x0000000080027254                __trunctfdf2
 .text          0x00000000800275ac       0x24 /opt/riscv/bin/../lib/gcc/riscv64-unknown-elf/7.2.0/rv32i/ilp32/libgcc.a(muldi3.o)
                0x00000000800275ac                __mulsi3
 .text          0x00000000800275d0       0x88 /opt/riscv/bin/../lib/gcc/riscv64-unknown-elf/7.2.0/rv32i/ilp32/libgcc.a(multi3.o)
                0x00000000800275d0                __muldi3
 .text          0x0000000080027658       0xb4 /opt/riscv/bin/../lib/gcc/riscv64-unknown-elf/7.2.0/rv32i/ilp32/libgcc.a(div.o)
                0x0000000080027658                __divsi3
                0x0000000080027660                __udivsi3
                0x00000000800276a8                __umodsi3
                0x00000000800276dc                __modsi3
 .text          0x000000008002770c        0x0 /opt/riscv/bin/../lib/gcc/riscv64-unknown-elf/7.2.0/rv32i/ilp32/libgcc.a(_clz.o)
 .text          0x000000008002770c       0x4c /opt/riscv/bin/../lib/gcc/riscv64-unknown-elf/7.2.0/rv32i/ilp32/libgcc.a(_clzsi2.o)
                0x000000008002770c                __clzsi2
 .text          0x0000000080027758       0x54 /opt/riscv/bin/../lib/gcc/riscv64-unknown-elf/7.2.0/../../../../riscv64-unknown-elf/lib/rv32i/ilp32/libgloss.a(sys_close.o)
                0x0000000080027758                _close
 .text          0x00000000800277ac       0x6c /opt/riscv/bin/../lib/gcc/riscv64-unknown-elf/7.2.0/../../../../riscv64-unknown-elf/lib/rv32i/ilp32/libgloss.a(sys_fstat.o)
                0x00000000800277ac                _fstat
 .text          0x0000000080027818       0x30 /opt/riscv/bin/../lib/gcc/riscv64-unknown-elf/7.2.0/../../../../riscv64-unknown-elf/lib/rv32i/ilp32/libgloss.a(sys_isatty.o)
                0x0000000080027818                _isatty
 .text          0x0000000080027848       0x4c /opt/riscv/bin/../lib/gcc/riscv64-unknown-elf/7.2.0/../../../../riscv64-unknown-elf/lib/rv32i/ilp32/libgloss.a(sys_lseek.o)
                0x0000000080027848                _lseek
 .text          0x0000000080027894       0x4c /opt/riscv/bin/../lib/gcc/riscv64-unknown-elf/7.2.0/../../../../riscv64-unknown-elf/lib/rv32i/ilp32/libgloss.a(sys_read.o)
                0x0000000080027894                _read
 .text          0x00000000800278e0       0xcc /opt/riscv/bin/../lib/gcc/riscv64-unknown-elf/7.2.0/../../../../riscv64-unknown-elf/lib/rv32i/ilp32/libgloss.a(sys_sbrk.o)
                0x00000000800278e0                _sbrk
 .text          0x00000000800279ac       0x4c /opt/riscv/bin/../lib/gcc/riscv64-unknown-elf/7.2.0/../../../../riscv64-unknown-elf/lib/rv32i/ilp32/libgloss.a(sys_write.o)
                0x00000000800279ac                _write
 .text          0x00000000800279f8       0x6c /opt/riscv/bin/../lib/gcc/riscv64-unknown-elf/7.2.0/../../../../riscv64-unknown-elf/lib/rv32i/ilp32/libgloss.a(sys_conv_stat.o)
                0x00000000800279f8                _conv_stat
 *(.gnu.linkonce.t.*)
 *(.note.gnu.build-id)

.eh_frame       0x0000000080027a64       0xb8
 .eh_frame      0x0000000080027a64       0x64 /opt/riscv/bin/../lib/gcc/riscv64-unknown-elf/7.2.0/rv32i/ilp32/libgcc.a(_udivdi3.o)
 .eh_frame      0x0000000080027ac8       0x54 /opt/riscv/bin/../lib/gcc/riscv64-unknown-elf/7.2.0/rv32i/ilp32/libgcc.a(_umoddi3.o)
                                         0x68 (size before relaxing)

.rela.dyn       0x0000000080027b1c        0x0
 .rela.text     0x0000000080027b1c        0x0 build//home/tonix/Documents/CINVESTAV/Proyecto_Tolteca/Nuand_modified/NuandRFProyect/FPGA_FW/dupinSoC/fw/ad9361_project/src/ad9361_api.o
 .rela.init     0x0000000080027b1c        0x0 build//home/tonix/Documents/CINVESTAV/Proyecto_Tolteca/Nuand_modified/NuandRFProyect/FPGA_FW/dupinSoC/fw/ad9361_project/src/ad9361_api.o
 .rela.data     0x0000000080027b1c        0x0 build//home/tonix/Documents/CINVESTAV/Proyecto_Tolteca/Nuand_modified/NuandRFProyect/FPGA_FW/dupinSoC/fw/ad9361_project/src/ad9361_api.o
 .rela.text.unlikely
                0x0000000080027b1c        0x0 build//home/tonix/Documents/CINVESTAV/Proyecto_Tolteca/Nuand_modified/NuandRFProyect/FPGA_FW/dupinSoC/fw/ad9361_project/src/ad9361_api.o

.fini
 *(SORT(.fini))
                [!provide]                        PROVIDE (__etext, .)
                [!provide]                        PROVIDE (_etext, .)
                [!provide]                        PROVIDE (etext, .)
                0x0000000080027b1c                . = ALIGN (0x4)

.preinit_array  0x0000000080027b1c        0x0
                0x0000000080027b1c                PROVIDE (__preinit_array_start, .)
 *(.preinit_array)
                0x0000000080027b1c                PROVIDE (__preinit_array_end, .)

.init_array     0x0000000080027b1c        0x0
                0x0000000080027b1c                PROVIDE (__init_array_start, .)
 *(SORT(.init_array.*) SORT(.ctors.*))
 *(.init_array EXCLUDE_FILE(*crtend?.o *crtend.o *crtbegin?.o *crtbegin.o) .ctors)
                0x0000000080027b1c                PROVIDE (__init_array_end, .)

.fini_array     0x0000000080027b1c        0x0
                [!provide]                        PROVIDE (__fini_array_start, .)
 *(SORT(.fini_array.*) SORT(.dtors.*))
 *(.fini_array EXCLUDE_FILE(*crtend?.o *crtend.o *crtbegin?.o *crtbegin.o) .dtors)
                [!provide]                        PROVIDE (__fini_array_end, .)

.ctors
 *crtbegin.o(.ctors)
 *crtbegin?.o(.ctors)
 *(EXCLUDE_FILE(*crtend?.o *crtend.o) .ctors)
 *(SORT(.ctors.*))
 *(.ctors)

.dtors
 *crtbegin.o(.dtors)
 *crtbegin?.o(.dtors)
 *(EXCLUDE_FILE(*crtend?.o *crtend.o) .dtors)
 *(SORT(.dtors.*))
 *(.dtors)

.lalign         0x0000000080027b1c        0x0
                0x0000000080027b1c                . = ALIGN (0x4)
                0x0000000080027b1c                PROVIDE (_data_lma, .)

.dalign         0x0000000080027b1c        0x0
                0x0000000080027b1c                . = ALIGN (0x4)
                0x0000000080027b1c                PROVIDE (_data, .)

.data           0x0000000080027b20     0x4100
 *(.rdata)
 *(.rodata .rodata.*)
 .rodata        0x0000000080027b20       0x20 build//home/tonix/Documents/CINVESTAV/Proyecto_Tolteca/Nuand_modified/NuandRFProyect/FPGA_FW/dupinSoC/fw/ad9361_project/src/ad9361_api.o
 .rodata        0x0000000080027b40     0x1836 build//home/tonix/Documents/CINVESTAV/Proyecto_Tolteca/Nuand_modified/NuandRFProyect/FPGA_FW/dupinSoC/fw/ad9361_project/src/ad9361.o
 *fill*         0x0000000080029376        0x2 
 .rodata.str1.4
                0x0000000080029378      0x95e build//home/tonix/Documents/CINVESTAV/Proyecto_Tolteca/Nuand_modified/NuandRFProyect/FPGA_FW/dupinSoC/fw/ad9361_project/src/ad9361.o
                                        0x962 (size before relaxing)
 *fill*         0x0000000080029cd6        0x2 
 .rodata        0x0000000080029cd8       0x20 build//home/tonix/Documents/CINVESTAV/Proyecto_Tolteca/Nuand_modified/NuandRFProyect/FPGA_FW/dupinSoC/fw/ad9361_project/src/parser.o
 .rodata        0x0000000080029cf8       0xa0 build//home/tonix/Documents/CINVESTAV/Proyecto_Tolteca/Nuand_modified/NuandRFProyect/FPGA_FW/dupinSoC/fw/ad9361_project/src/util.o
 .rodata        0x0000000080029d98       0x22 /opt/riscv/bin/../lib/gcc/riscv64-unknown-elf/7.2.0/../../../../riscv64-unknown-elf/lib/rv32i/ilp32/libc.a(lib_a-svfscanf.o)
 *fill*         0x0000000080029dba        0x2 
 .rodata.str1.4
                0x0000000080029dbc        0x5 /opt/riscv/bin/../lib/gcc/riscv64-unknown-elf/7.2.0/../../../../riscv64-unknown-elf/lib/rv32i/ilp32/libc.a(lib_a-svfscanf.o)
 *fill*         0x0000000080029dc1        0x3 
 .rodata        0x0000000080029dc4      0x18c /opt/riscv/bin/../lib/gcc/riscv64-unknown-elf/7.2.0/../../../../riscv64-unknown-elf/lib/rv32i/ilp32/libc.a(lib_a-vfprintf.o)
 .rodata.str1.4
                0x0000000080029f50       0x3a /opt/riscv/bin/../lib/gcc/riscv64-unknown-elf/7.2.0/../../../../riscv64-unknown-elf/lib/rv32i/ilp32/libc.a(lib_a-vfprintf.o)
 *fill*         0x0000000080029f8a        0x2 
 .rodata        0x0000000080029f8c      0x254 /opt/riscv/bin/../lib/gcc/riscv64-unknown-elf/7.2.0/../../../../riscv64-unknown-elf/lib/rv32i/ilp32/libc.a(lib_a-ldtoa.o)
 .rodata.str1.4
                0x000000008002a1e0       0x28 /opt/riscv/bin/../lib/gcc/riscv64-unknown-elf/7.2.0/../../../../riscv64-unknown-elf/lib/rv32i/ilp32/libc.a(lib_a-ldtoa.o)
 .rodata.str1.4
                0x000000008002a208        0xe /opt/riscv/bin/../lib/gcc/riscv64-unknown-elf/7.2.0/../../../../riscv64-unknown-elf/lib/rv32i/ilp32/libc.a(lib_a-locale.o)
                                         0x12 (size before relaxing)
 .rodata.str1.4
                0x000000008002a216        0x1 /opt/riscv/bin/../lib/gcc/riscv64-unknown-elf/7.2.0/../../../../riscv64-unknown-elf/lib/rv32i/ilp32/libc.a(lib_a-mbrtowc.o)
 *fill*         0x000000008002a216        0x2 
 .rodata        0x000000008002a218      0x128 /opt/riscv/bin/../lib/gcc/riscv64-unknown-elf/7.2.0/../../../../riscv64-unknown-elf/lib/rv32i/ilp32/libc.a(lib_a-mprec.o)
                0x000000008002a228                __mprec_tens
                0x000000008002a2f0                __mprec_tinytens
                0x000000008002a318                __mprec_bigtens
 .rodata        0x000000008002a340       0x68 /opt/riscv/bin/../lib/gcc/riscv64-unknown-elf/7.2.0/../../../../riscv64-unknown-elf/lib/rv32i/ilp32/libc.a(lib_a-strtod.o)
 .rodata.str1.4
                0x000000008002a3a8       0x10 /opt/riscv/bin/../lib/gcc/riscv64-unknown-elf/7.2.0/../../../../riscv64-unknown-elf/lib/rv32i/ilp32/libc.a(lib_a-strtod.o)
                                          0xf (size before relaxing)
 .rodata        0x000000008002a3b8       0x1c /opt/riscv/bin/../lib/gcc/riscv64-unknown-elf/7.2.0/../../../../riscv64-unknown-elf/lib/rv32i/ilp32/libc.a(lib_a-strtorx.o)
 .rodata        0x000000008002a3d4       0x22 /opt/riscv/bin/../lib/gcc/riscv64-unknown-elf/7.2.0/../../../../riscv64-unknown-elf/lib/rv32i/ilp32/libc.a(lib_a-svfiscanf.o)
 *fill*         0x000000008002a3f6        0x2 
 .rodata        0x000000008002a3f8      0x18c /opt/riscv/bin/../lib/gcc/riscv64-unknown-elf/7.2.0/../../../../riscv64-unknown-elf/lib/rv32i/ilp32/libc.a(lib_a-svfprintf.o)
 .rodata.str1.4
                0x000000008002a584       0x3a /opt/riscv/bin/../lib/gcc/riscv64-unknown-elf/7.2.0/../../../../riscv64-unknown-elf/lib/rv32i/ilp32/libc.a(lib_a-svfprintf.o)
 .rodata        0x000000008002a584      0x18c /opt/riscv/bin/../lib/gcc/riscv64-unknown-elf/7.2.0/../../../../riscv64-unknown-elf/lib/rv32i/ilp32/libc.a(lib_a-vfiprintf.o)
 .rodata.str1.4
                0x000000008002a710       0x25 /opt/riscv/bin/../lib/gcc/riscv64-unknown-elf/7.2.0/../../../../riscv64-unknown-elf/lib/rv32i/ilp32/libc.a(lib_a-vfiprintf.o)
 .rodata        0x000000008002a710      0x101 /opt/riscv/bin/../lib/gcc/riscv64-unknown-elf/7.2.0/../../../../riscv64-unknown-elf/lib/rv32i/ilp32/libc.a(lib_a-ctype_.o)
                0x000000008002a710                _ctype_
 *fill*         0x000000008002a811        0x3 
 .rodata        0x000000008002a814       0x5c /opt/riscv/bin/../lib/gcc/riscv64-unknown-elf/7.2.0/../../../../riscv64-unknown-elf/lib/rv32i/ilp32/libc.a(lib_a-strtodg.o)
 .rodata.str1.4
                0x000000008002a870        0xf /opt/riscv/bin/../lib/gcc/riscv64-unknown-elf/7.2.0/../../../../riscv64-unknown-elf/lib/rv32i/ilp32/libc.a(lib_a-strtodg.o)
 .rodata        0x000000008002a870      0x18c /opt/riscv/bin/../lib/gcc/riscv64-unknown-elf/7.2.0/../../../../riscv64-unknown-elf/lib/rv32i/ilp32/libc.a(lib_a-svfiprintf.o)
 .rodata.str1.4
                0x000000008002a9fc       0x25 /opt/riscv/bin/../lib/gcc/riscv64-unknown-elf/7.2.0/../../../../riscv64-unknown-elf/lib/rv32i/ilp32/libc.a(lib_a-svfiprintf.o)
 .rodata        0x000000008002a9fc       0x3c /opt/riscv/bin/../lib/gcc/riscv64-unknown-elf/7.2.0/rv32i/ilp32/libgcc.a(divdf3.o)
 .rodata        0x000000008002aa38       0x3c /opt/riscv/bin/../lib/gcc/riscv64-unknown-elf/7.2.0/rv32i/ilp32/libgcc.a(muldf3.o)
 .rodata        0x000000008002aa74       0x3c /opt/riscv/bin/../lib/gcc/riscv64-unknown-elf/7.2.0/rv32i/ilp32/libgcc.a(multf3.o)
 .rodata        0x000000008002aab0      0x100 /opt/riscv/bin/../lib/gcc/riscv64-unknown-elf/7.2.0/rv32i/ilp32/libgcc.a(_clz.o)
                0x000000008002aab0                __clz_tab
 *(.gnu.linkonce.r.*)
 *(.data .data.*)
 .data          0x000000008002abb0        0x0 build//home/tonix/Documents/CINVESTAV/Proyecto_Tolteca/Nuand_modified/NuandRFProyect/FPGA_FW/dupinSoC/fw/ad9361_project/src/ad9361_api.o
 .data          0x000000008002abb0       0x30 build//home/tonix/Documents/CINVESTAV/Proyecto_Tolteca/Nuand_modified/NuandRFProyect/FPGA_FW/dupinSoC/fw/ad9361_project/src/ad9361.o
                0x000000008002abb0                ad9361_ensm_states
 .data          0x000000008002abe0        0x0 build//home/tonix/Documents/CINVESTAV/Proyecto_Tolteca/Nuand_modified/NuandRFProyect/FPGA_FW/dupinSoC/fw/ad9361_project/src/ad9361_conv.o
 .data          0x000000008002abe0      0x1b8 build//home/tonix/Documents/CINVESTAV/Proyecto_Tolteca/Nuand_modified/NuandRFProyect/FPGA_FW/dupinSoC/fw/ad9361_project/src/parser.o
                0x000000008002abe0                One_Param_u08
                0x000000008002ac60                One_Param_u32
                0x000000008002ad10                One_Param_u64
                0x000000008002ad30                Two_Param_u08_u08
                0x000000008002ad40                Two_Param_u08_u32
                0x000000008002ad60                Two_Param_u32_u08
                0x000000008002ad78                Two_Param_u32_u32
                0x000000008002ad88                Two_Param_i32_u08
 .data          0x000000008002ad98      0x460 build//home/tonix/Documents/CINVESTAV/Proyecto_Tolteca/Nuand_modified/NuandRFProyect/FPGA_FW/dupinSoC/fw/ad9361_project/src/main.o
                0x000000008002ad98                default_init_param
                0x000000008002afa0                tx_fir_config
                0x000000008002b0cc                rx_fir_config
 .data          0x000000008002b1f8        0x0 build//home/tonix/Documents/CINVESTAV/Proyecto_Tolteca/Nuand_modified/NuandRFProyect/FPGA_FW/dupinSoC/fw/ad9361_project/src/util.o
 .data          0x000000008002b1f8        0x0 build//home/tonix/Documents/CINVESTAV/Proyecto_Tolteca/Nuand_modified/NuandRFProyect/FPGA_FW/dupinSoC/fw/ad9361_project/src/platform_generic/platform.o
 .data          0x000000008002b1f8        0x0 build//home/tonix/Documents/CINVESTAV/Proyecto_Tolteca/Nuand_modified/NuandRFProyect/FPGA_FW/dupinSoC/fw/bsp/CinvestavDupin/libraries/common/start.o
 .data          0x000000008002b1f8        0x0 /opt/riscv/bin/../lib/gcc/riscv64-unknown-elf/7.2.0/../../../../riscv64-unknown-elf/lib/rv32i/ilp32/libc.a(lib_a-init.o)
 .data          0x000000008002b1f8        0x0 /opt/riscv/bin/../lib/gcc/riscv64-unknown-elf/7.2.0/../../../../riscv64-unknown-elf/lib/rv32i/ilp32/libc.a(lib_a-memcpy.o)
 .data          0x000000008002b1f8        0x0 /opt/riscv/bin/../lib/gcc/riscv64-unknown-elf/7.2.0/../../../../riscv64-unknown-elf/lib/rv32i/ilp32/libc.a(lib_a-memset.o)
 .data          0x000000008002b1f8        0x0 /opt/riscv/bin/../lib/gcc/riscv64-unknown-elf/7.2.0/../../../../riscv64-unknown-elf/lib/rv32i/ilp32/libc.a(lib_a-printf.o)
 .data          0x000000008002b1f8        0x0 /opt/riscv/bin/../lib/gcc/riscv64-unknown-elf/7.2.0/../../../../riscv64-unknown-elf/lib/rv32i/ilp32/libc.a(lib_a-putchar.o)
 .data          0x000000008002b1f8        0x0 /opt/riscv/bin/../lib/gcc/riscv64-unknown-elf/7.2.0/../../../../riscv64-unknown-elf/lib/rv32i/ilp32/libc.a(lib_a-putc.o)
 .data          0x000000008002b1f8        0x0 /opt/riscv/bin/../lib/gcc/riscv64-unknown-elf/7.2.0/../../../../riscv64-unknown-elf/lib/rv32i/ilp32/libc.a(lib_a-sscanf.o)
 .data          0x000000008002b1f8        0x0 /opt/riscv/bin/../lib/gcc/riscv64-unknown-elf/7.2.0/../../../../riscv64-unknown-elf/lib/rv32i/ilp32/libc.a(lib_a-stdio.o)
 .data          0x000000008002b1f8        0x0 /opt/riscv/bin/../lib/gcc/riscv64-unknown-elf/7.2.0/../../../../riscv64-unknown-elf/lib/rv32i/ilp32/libc.a(lib_a-strlen.o)
 .data          0x000000008002b1f8        0x0 /opt/riscv/bin/../lib/gcc/riscv64-unknown-elf/7.2.0/../../../../riscv64-unknown-elf/lib/rv32i/ilp32/libc.a(lib_a-strsep.o)
 .data          0x000000008002b1f8        0x0 /opt/riscv/bin/../lib/gcc/riscv64-unknown-elf/7.2.0/../../../../riscv64-unknown-elf/lib/rv32i/ilp32/libc.a(lib_a-strtok_r.o)
 .data          0x000000008002b1f8        0x0 /opt/riscv/bin/../lib/gcc/riscv64-unknown-elf/7.2.0/../../../../riscv64-unknown-elf/lib/rv32i/ilp32/libc.a(lib_a-svfscanf.o)
 .data          0x000000008002b1f8        0x0 /opt/riscv/bin/../lib/gcc/riscv64-unknown-elf/7.2.0/../../../../riscv64-unknown-elf/lib/rv32i/ilp32/libc.a(lib_a-vfprintf.o)
 .data          0x000000008002b1f8        0x0 /opt/riscv/bin/../lib/gcc/riscv64-unknown-elf/7.2.0/../../../../riscv64-unknown-elf/lib/rv32i/ilp32/libc.a(lib_a-wbuf.o)
 .data          0x000000008002b1f8        0x0 /opt/riscv/bin/../lib/gcc/riscv64-unknown-elf/7.2.0/../../../../riscv64-unknown-elf/lib/rv32i/ilp32/libc.a(lib_a-writer.o)
 .data          0x000000008002b1f8        0x0 /opt/riscv/bin/../lib/gcc/riscv64-unknown-elf/7.2.0/../../../../riscv64-unknown-elf/lib/rv32i/ilp32/libc.a(lib_a-wsetup.o)
 .data          0x000000008002b1f8        0x0 /opt/riscv/bin/../lib/gcc/riscv64-unknown-elf/7.2.0/../../../../riscv64-unknown-elf/lib/rv32i/ilp32/libc.a(lib_a-closer.o)
 .data          0x000000008002b1f8        0x0 /opt/riscv/bin/../lib/gcc/riscv64-unknown-elf/7.2.0/../../../../riscv64-unknown-elf/lib/rv32i/ilp32/libc.a(lib_a-fflush.o)
 .data          0x000000008002b1f8        0x0 /opt/riscv/bin/../lib/gcc/riscv64-unknown-elf/7.2.0/../../../../riscv64-unknown-elf/lib/rv32i/ilp32/libc.a(lib_a-findfp.o)
 .data          0x000000008002b1f8        0x0 /opt/riscv/bin/../lib/gcc/riscv64-unknown-elf/7.2.0/../../../../riscv64-unknown-elf/lib/rv32i/ilp32/libc.a(lib_a-freer.o)
 .data          0x000000008002b1f8        0x0 /opt/riscv/bin/../lib/gcc/riscv64-unknown-elf/7.2.0/../../../../riscv64-unknown-elf/lib/rv32i/ilp32/libc.a(lib_a-fwalk.o)
 .data          0x000000008002b1f8      0x428 /opt/riscv/bin/../lib/gcc/riscv64-unknown-elf/7.2.0/../../../../riscv64-unknown-elf/lib/rv32i/ilp32/libc.a(lib_a-impure.o)
 .data          0x000000008002b620        0x0 /opt/riscv/bin/../lib/gcc/riscv64-unknown-elf/7.2.0/../../../../riscv64-unknown-elf/lib/rv32i/ilp32/libc.a(lib_a-iswspace.o)
 .data          0x000000008002b620        0x0 /opt/riscv/bin/../lib/gcc/riscv64-unknown-elf/7.2.0/../../../../riscv64-unknown-elf/lib/rv32i/ilp32/libc.a(lib_a-ldtoa.o)
 .data          0x000000008002b620        0x0 /opt/riscv/bin/../lib/gcc/riscv64-unknown-elf/7.2.0/../../../../riscv64-unknown-elf/lib/rv32i/ilp32/libc.a(lib_a-localeconv.o)
 .data          0x000000008002b620      0x16c /opt/riscv/bin/../lib/gcc/riscv64-unknown-elf/7.2.0/../../../../riscv64-unknown-elf/lib/rv32i/ilp32/libc.a(lib_a-locale.o)
                0x000000008002b620                __global_locale
 .data          0x000000008002b78c        0x0 /opt/riscv/bin/../lib/gcc/riscv64-unknown-elf/7.2.0/../../../../riscv64-unknown-elf/lib/rv32i/ilp32/libc.a(lib_a-lseekr.o)
 .data          0x000000008002b78c        0x0 /opt/riscv/bin/../lib/gcc/riscv64-unknown-elf/7.2.0/../../../../riscv64-unknown-elf/lib/rv32i/ilp32/libc.a(lib_a-makebuf.o)
 .data          0x000000008002b78c      0x408 /opt/riscv/bin/../lib/gcc/riscv64-unknown-elf/7.2.0/../../../../riscv64-unknown-elf/lib/rv32i/ilp32/libc.a(lib_a-mallocr.o)
                0x000000008002b78c                __malloc_av_
 .data          0x000000008002bb94        0x0 /opt/riscv/bin/../lib/gcc/riscv64-unknown-elf/7.2.0/../../../../riscv64-unknown-elf/lib/rv32i/ilp32/libc.a(lib_a-mbrtowc.o)
 .data          0x000000008002bb94        0x0 /opt/riscv/bin/../lib/gcc/riscv64-unknown-elf/7.2.0/../../../../riscv64-unknown-elf/lib/rv32i/ilp32/libc.a(lib_a-mbtowc_r.o)
 .data          0x000000008002bb94        0x0 /opt/riscv/bin/../lib/gcc/riscv64-unknown-elf/7.2.0/../../../../riscv64-unknown-elf/lib/rv32i/ilp32/libc.a(lib_a-memchr.o)
 .data          0x000000008002bb94        0x0 /opt/riscv/bin/../lib/gcc/riscv64-unknown-elf/7.2.0/../../../../riscv64-unknown-elf/lib/rv32i/ilp32/libc.a(lib_a-mlock.o)
 .data          0x000000008002bb94        0x0 /opt/riscv/bin/../lib/gcc/riscv64-unknown-elf/7.2.0/../../../../riscv64-unknown-elf/lib/rv32i/ilp32/libc.a(lib_a-mprec.o)
 .data          0x000000008002bb94        0x0 /opt/riscv/bin/../lib/gcc/riscv64-unknown-elf/7.2.0/../../../../riscv64-unknown-elf/lib/rv32i/ilp32/libc.a(lib_a-readr.o)
 .data          0x000000008002bb94        0x0 /opt/riscv/bin/../lib/gcc/riscv64-unknown-elf/7.2.0/../../../../riscv64-unknown-elf/lib/rv32i/ilp32/libc.a(lib_a-reent.o)
 .data          0x000000008002bb94        0x0 /opt/riscv/bin/../lib/gcc/riscv64-unknown-elf/7.2.0/../../../../riscv64-unknown-elf/lib/rv32i/ilp32/libc.a(lib_a-sbrkr.o)
 .data          0x000000008002bb94        0x0 /opt/riscv/bin/../lib/gcc/riscv64-unknown-elf/7.2.0/../../../../riscv64-unknown-elf/lib/rv32i/ilp32/libc.a(lib_a-sccl.o)
 .data          0x000000008002bb94        0x0 /opt/riscv/bin/../lib/gcc/riscv64-unknown-elf/7.2.0/../../../../riscv64-unknown-elf/lib/rv32i/ilp32/libc.a(lib_a-sf_nan.o)
 .data          0x000000008002bb94        0x0 /opt/riscv/bin/../lib/gcc/riscv64-unknown-elf/7.2.0/../../../../riscv64-unknown-elf/lib/rv32i/ilp32/libc.a(lib_a-s_frexp.o)
 .data          0x000000008002bb94        0x0 /opt/riscv/bin/../lib/gcc/riscv64-unknown-elf/7.2.0/../../../../riscv64-unknown-elf/lib/rv32i/ilp32/libc.a(lib_a-sprintf.o)
 .data          0x000000008002bb94        0x0 /opt/riscv/bin/../lib/gcc/riscv64-unknown-elf/7.2.0/../../../../riscv64-unknown-elf/lib/rv32i/ilp32/libc.a(lib_a-strcmp.o)
 .data          0x000000008002bb94        0x0 /opt/riscv/bin/../lib/gcc/riscv64-unknown-elf/7.2.0/../../../../riscv64-unknown-elf/lib/rv32i/ilp32/libc.a(lib_a-strcpy.o)
 .data          0x000000008002bb94        0x0 /opt/riscv/bin/../lib/gcc/riscv64-unknown-elf/7.2.0/../../../../riscv64-unknown-elf/lib/rv32i/ilp32/libc.a(lib_a-strncpy.o)
 .data          0x000000008002bb94        0x0 /opt/riscv/bin/../lib/gcc/riscv64-unknown-elf/7.2.0/../../../../riscv64-unknown-elf/lib/rv32i/ilp32/libc.a(lib_a-strtod.o)
 .data          0x000000008002bb94        0x0 /opt/riscv/bin/../lib/gcc/riscv64-unknown-elf/7.2.0/../../../../riscv64-unknown-elf/lib/rv32i/ilp32/libc.a(lib_a-strtold.o)
 .data          0x000000008002bb94        0x0 /opt/riscv/bin/../lib/gcc/riscv64-unknown-elf/7.2.0/../../../../riscv64-unknown-elf/lib/rv32i/ilp32/libc.a(lib_a-strtoll.o)
 .data          0x000000008002bb94        0x0 /opt/riscv/bin/../lib/gcc/riscv64-unknown-elf/7.2.0/../../../../riscv64-unknown-elf/lib/rv32i/ilp32/libc.a(lib_a-strtol.o)
 .data          0x000000008002bb94       0x14 /opt/riscv/bin/../lib/gcc/riscv64-unknown-elf/7.2.0/../../../../riscv64-unknown-elf/lib/rv32i/ilp32/libc.a(lib_a-strtorx.o)
 .data          0x000000008002bba8        0x0 /opt/riscv/bin/../lib/gcc/riscv64-unknown-elf/7.2.0/../../../../riscv64-unknown-elf/lib/rv32i/ilp32/libc.a(lib_a-strtoull.o)
 .data          0x000000008002bba8        0x0 /opt/riscv/bin/../lib/gcc/riscv64-unknown-elf/7.2.0/../../../../riscv64-unknown-elf/lib/rv32i/ilp32/libc.a(lib_a-strtoul.o)
 .data          0x000000008002bba8        0x0 /opt/riscv/bin/../lib/gcc/riscv64-unknown-elf/7.2.0/../../../../riscv64-unknown-elf/lib/rv32i/ilp32/libc.a(lib_a-svfiscanf.o)
 .data          0x000000008002bba8        0x0 /opt/riscv/bin/../lib/gcc/riscv64-unknown-elf/7.2.0/../../../../riscv64-unknown-elf/lib/rv32i/ilp32/libc.a(lib_a-svfprintf.o)
 .data          0x000000008002bba8        0x0 /opt/riscv/bin/../lib/gcc/riscv64-unknown-elf/7.2.0/../../../../riscv64-unknown-elf/lib/rv32i/ilp32/libc.a(lib_a-ungetc.o)
 .data          0x000000008002bba8        0x0 /opt/riscv/bin/../lib/gcc/riscv64-unknown-elf/7.2.0/../../../../riscv64-unknown-elf/lib/rv32i/ilp32/libc.a(lib_a-vfiprintf.o)
 .data          0x000000008002bba8        0x0 /opt/riscv/bin/../lib/gcc/riscv64-unknown-elf/7.2.0/../../../../riscv64-unknown-elf/lib/rv32i/ilp32/libc.a(lib_a-wctomb_r.o)
 .data          0x000000008002bba8        0x0 /opt/riscv/bin/../lib/gcc/riscv64-unknown-elf/7.2.0/../../../../riscv64-unknown-elf/lib/rv32i/ilp32/libc.a(lib_a-callocr.o)
 .data          0x000000008002bba8        0x0 /opt/riscv/bin/../lib/gcc/riscv64-unknown-elf/7.2.0/../../../../riscv64-unknown-elf/lib/rv32i/ilp32/libc.a(lib_a-ctype_.o)
 .data          0x000000008002bba8        0x0 /opt/riscv/bin/../lib/gcc/riscv64-unknown-elf/7.2.0/../../../../riscv64-unknown-elf/lib/rv32i/ilp32/libc.a(lib_a-fclose.o)
 .data          0x000000008002bba8        0x0 /opt/riscv/bin/../lib/gcc/riscv64-unknown-elf/7.2.0/../../../../riscv64-unknown-elf/lib/rv32i/ilp32/libc.a(lib_a-fputwc.o)
 .data          0x000000008002bba8        0x0 /opt/riscv/bin/../lib/gcc/riscv64-unknown-elf/7.2.0/../../../../riscv64-unknown-elf/lib/rv32i/ilp32/libc.a(lib_a-fstatr.o)
 .data          0x000000008002bba8        0x0 /opt/riscv/bin/../lib/gcc/riscv64-unknown-elf/7.2.0/../../../../riscv64-unknown-elf/lib/rv32i/ilp32/libc.a(lib_a-fvwrite.o)
 .data          0x000000008002bba8        0x0 /opt/riscv/bin/../lib/gcc/riscv64-unknown-elf/7.2.0/../../../../riscv64-unknown-elf/lib/rv32i/ilp32/libc.a(lib_a-gdtoa-gethex.o)
 .data          0x000000008002bba8        0x0 /opt/riscv/bin/../lib/gcc/riscv64-unknown-elf/7.2.0/../../../../riscv64-unknown-elf/lib/rv32i/ilp32/libc.a(lib_a-gdtoa-hexnan.o)
 .data          0x000000008002bba8        0x0 /opt/riscv/bin/../lib/gcc/riscv64-unknown-elf/7.2.0/../../../../riscv64-unknown-elf/lib/rv32i/ilp32/libc.a(lib_a-isattyr.o)
 .data          0x000000008002bba8        0x0 /opt/riscv/bin/../lib/gcc/riscv64-unknown-elf/7.2.0/../../../../riscv64-unknown-elf/lib/rv32i/ilp32/libc.a(lib_a-memmove.o)
 .data          0x000000008002bba8        0x0 /opt/riscv/bin/../lib/gcc/riscv64-unknown-elf/7.2.0/../../../../riscv64-unknown-elf/lib/rv32i/ilp32/libc.a(lib_a-reallocr.o)
 .data          0x000000008002bba8        0x0 /opt/riscv/bin/../lib/gcc/riscv64-unknown-elf/7.2.0/../../../../riscv64-unknown-elf/lib/rv32i/ilp32/libc.a(lib_a-strncmp.o)
 .data          0x000000008002bba8        0x0 /opt/riscv/bin/../lib/gcc/riscv64-unknown-elf/7.2.0/../../../../riscv64-unknown-elf/lib/rv32i/ilp32/libc.a(lib_a-strtodg.o)
 .data          0x000000008002bba8        0x0 /opt/riscv/bin/../lib/gcc/riscv64-unknown-elf/7.2.0/../../../../riscv64-unknown-elf/lib/rv32i/ilp32/libc.a(lib_a-svfiprintf.o)
 .data          0x000000008002bba8        0x0 /opt/riscv/bin/../lib/gcc/riscv64-unknown-elf/7.2.0/../../../../riscv64-unknown-elf/lib/rv32i/ilp32/libc.a(lib_a-wcrtomb.o)
 .data          0x000000008002bba8        0x0 /opt/riscv/bin/../lib/gcc/riscv64-unknown-elf/7.2.0/../../../../riscv64-unknown-elf/lib/rv32i/ilp32/libc.a(lib_a-errno.o)
 .data          0x000000008002bba8        0x0 /opt/riscv/bin/../lib/gcc/riscv64-unknown-elf/7.2.0/rv32i/ilp32/libgcc.a(_udivdi3.o)
 .data          0x000000008002bba8        0x0 /opt/riscv/bin/../lib/gcc/riscv64-unknown-elf/7.2.0/rv32i/ilp32/libgcc.a(_umoddi3.o)
 .data          0x000000008002bba8        0x0 /opt/riscv/bin/../lib/gcc/riscv64-unknown-elf/7.2.0/rv32i/ilp32/libgcc.a(adddf3.o)
 .data          0x000000008002bba8        0x0 /opt/riscv/bin/../lib/gcc/riscv64-unknown-elf/7.2.0/rv32i/ilp32/libgcc.a(divdf3.o)
 .data          0x000000008002bba8        0x0 /opt/riscv/bin/../lib/gcc/riscv64-unknown-elf/7.2.0/rv32i/ilp32/libgcc.a(eqdf2.o)
 .data          0x000000008002bba8        0x0 /opt/riscv/bin/../lib/gcc/riscv64-unknown-elf/7.2.0/rv32i/ilp32/libgcc.a(gedf2.o)
 .data          0x000000008002bba8        0x0 /opt/riscv/bin/../lib/gcc/riscv64-unknown-elf/7.2.0/rv32i/ilp32/libgcc.a(ledf2.o)
 .data          0x000000008002bba8        0x0 /opt/riscv/bin/../lib/gcc/riscv64-unknown-elf/7.2.0/rv32i/ilp32/libgcc.a(muldf3.o)
 .data          0x000000008002bba8        0x0 /opt/riscv/bin/../lib/gcc/riscv64-unknown-elf/7.2.0/rv32i/ilp32/libgcc.a(subdf3.o)
 .data          0x000000008002bba8        0x0 /opt/riscv/bin/../lib/gcc/riscv64-unknown-elf/7.2.0/rv32i/ilp32/libgcc.a(unorddf2.o)
 .data          0x000000008002bba8        0x0 /opt/riscv/bin/../lib/gcc/riscv64-unknown-elf/7.2.0/rv32i/ilp32/libgcc.a(fixdfsi.o)
 .data          0x000000008002bba8        0x0 /opt/riscv/bin/../lib/gcc/riscv64-unknown-elf/7.2.0/rv32i/ilp32/libgcc.a(fixunsdfsi.o)
 .data          0x000000008002bba8        0x0 /opt/riscv/bin/../lib/gcc/riscv64-unknown-elf/7.2.0/rv32i/ilp32/libgcc.a(floatsidf.o)
 .data          0x000000008002bba8        0x0 /opt/riscv/bin/../lib/gcc/riscv64-unknown-elf/7.2.0/rv32i/ilp32/libgcc.a(floatunsidf.o)
 .data          0x000000008002bba8        0x0 /opt/riscv/bin/../lib/gcc/riscv64-unknown-elf/7.2.0/rv32i/ilp32/libgcc.a(eqtf2.o)
 .data          0x000000008002bba8        0x0 /opt/riscv/bin/../lib/gcc/riscv64-unknown-elf/7.2.0/rv32i/ilp32/libgcc.a(getf2.o)
 .data          0x000000008002bba8        0x0 /opt/riscv/bin/../lib/gcc/riscv64-unknown-elf/7.2.0/rv32i/ilp32/libgcc.a(letf2.o)
 .data          0x000000008002bba8        0x0 /opt/riscv/bin/../lib/gcc/riscv64-unknown-elf/7.2.0/rv32i/ilp32/libgcc.a(multf3.o)
 .data          0x000000008002bba8        0x0 /opt/riscv/bin/../lib/gcc/riscv64-unknown-elf/7.2.0/rv32i/ilp32/libgcc.a(subtf3.o)
 .data          0x000000008002bba8        0x0 /opt/riscv/bin/../lib/gcc/riscv64-unknown-elf/7.2.0/rv32i/ilp32/libgcc.a(fixtfsi.o)
 .data          0x000000008002bba8        0x0 /opt/riscv/bin/../lib/gcc/riscv64-unknown-elf/7.2.0/rv32i/ilp32/libgcc.a(floatsitf.o)
 .data          0x000000008002bba8        0x0 /opt/riscv/bin/../lib/gcc/riscv64-unknown-elf/7.2.0/rv32i/ilp32/libgcc.a(lesf2.o)
 .data          0x000000008002bba8        0x0 /opt/riscv/bin/../lib/gcc/riscv64-unknown-elf/7.2.0/rv32i/ilp32/libgcc.a(unordsf2.o)
 .data          0x000000008002bba8        0x0 /opt/riscv/bin/../lib/gcc/riscv64-unknown-elf/7.2.0/rv32i/ilp32/libgcc.a(extenddftf2.o)
 .data          0x000000008002bba8        0x0 /opt/riscv/bin/../lib/gcc/riscv64-unknown-elf/7.2.0/rv32i/ilp32/libgcc.a(truncdfsf2.o)
 .data          0x000000008002bba8        0x0 /opt/riscv/bin/../lib/gcc/riscv64-unknown-elf/7.2.0/rv32i/ilp32/libgcc.a(trunctfdf2.o)
 .data          0x000000008002bba8        0x0 /opt/riscv/bin/../lib/gcc/riscv64-unknown-elf/7.2.0/rv32i/ilp32/libgcc.a(muldi3.o)
 .data          0x000000008002bba8        0x0 /opt/riscv/bin/../lib/gcc/riscv64-unknown-elf/7.2.0/rv32i/ilp32/libgcc.a(multi3.o)
 .data          0x000000008002bba8        0x0 /opt/riscv/bin/../lib/gcc/riscv64-unknown-elf/7.2.0/rv32i/ilp32/libgcc.a(div.o)
 .data          0x000000008002bba8        0x0 /opt/riscv/bin/../lib/gcc/riscv64-unknown-elf/7.2.0/rv32i/ilp32/libgcc.a(_clz.o)
 .data          0x000000008002bba8        0x0 /opt/riscv/bin/../lib/gcc/riscv64-unknown-elf/7.2.0/rv32i/ilp32/libgcc.a(_clzsi2.o)
 .data          0x000000008002bba8        0x0 /opt/riscv/bin/../lib/gcc/riscv64-unknown-elf/7.2.0/../../../../riscv64-unknown-elf/lib/rv32i/ilp32/libgloss.a(sys_close.o)
 .data          0x000000008002bba8        0x0 /opt/riscv/bin/../lib/gcc/riscv64-unknown-elf/7.2.0/../../../../riscv64-unknown-elf/lib/rv32i/ilp32/libgloss.a(sys_fstat.o)
 .data          0x000000008002bba8        0x0 /opt/riscv/bin/../lib/gcc/riscv64-unknown-elf/7.2.0/../../../../riscv64-unknown-elf/lib/rv32i/ilp32/libgloss.a(sys_isatty.o)
 .data          0x000000008002bba8        0x0 /opt/riscv/bin/../lib/gcc/riscv64-unknown-elf/7.2.0/../../../../riscv64-unknown-elf/lib/rv32i/ilp32/libgloss.a(sys_lseek.o)
 .data          0x000000008002bba8        0x0 /opt/riscv/bin/../lib/gcc/riscv64-unknown-elf/7.2.0/../../../../riscv64-unknown-elf/lib/rv32i/ilp32/libgloss.a(sys_read.o)
 .data          0x000000008002bba8        0x0 /opt/riscv/bin/../lib/gcc/riscv64-unknown-elf/7.2.0/../../../../riscv64-unknown-elf/lib/rv32i/ilp32/libgloss.a(sys_sbrk.o)
 .data          0x000000008002bba8        0x0 /opt/riscv/bin/../lib/gcc/riscv64-unknown-elf/7.2.0/../../../../riscv64-unknown-elf/lib/rv32i/ilp32/libgloss.a(sys_write.o)
 .data          0x000000008002bba8        0x0 /opt/riscv/bin/../lib/gcc/riscv64-unknown-elf/7.2.0/../../../../riscv64-unknown-elf/lib/rv32i/ilp32/libgloss.a(sys_conv_stat.o)
 *(.gnu.linkonce.d.*)
                0x000000008002bba8                . = ALIGN (0x8)
                0x000000008002c398                PROVIDE (__global_pointer$, (. + 0x7f0))
 *(.sdata .sdata.*)
 .sdata         0x000000008002bba8        0x4 build//home/tonix/Documents/CINVESTAV/Proyecto_Tolteca/Nuand_modified/NuandRFProyect/FPGA_FW/dupinSoC/fw/ad9361_project/src/ad9361.o
                0x000000008002bbaa                have_tdd_tables
                0x000000008002bbab                has_split_gt
 .sdata         0x000000008002bbac        0x8 /opt/riscv/bin/../lib/gcc/riscv64-unknown-elf/7.2.0/../../../../riscv64-unknown-elf/lib/rv32i/ilp32/libc.a(lib_a-impure.o)
                0x000000008002bbac                _global_impure_ptr
                0x000000008002bbb0                _impure_ptr
 .sdata         0x000000008002bbb4        0x8 /opt/riscv/bin/../lib/gcc/riscv64-unknown-elf/7.2.0/../../../../riscv64-unknown-elf/lib/rv32i/ilp32/libc.a(lib_a-mallocr.o)
                0x000000008002bbb4                __malloc_sbrk_base
                0x000000008002bbb8                __malloc_trim_threshold
 *(.gnu.linkonce.s.*)
                0x000000008002bbc0                . = ALIGN (0x8)
 *fill*         0x000000008002bbbc        0x4 
 *(.srodata.cst16)
 *(.srodata.cst8)
 .srodata.cst8  0x000000008002bbc0       0x10 /opt/riscv/bin/../lib/gcc/riscv64-unknown-elf/7.2.0/../../../../riscv64-unknown-elf/lib/rv32i/ilp32/libc.a(lib_a-mprec.o)
 .srodata.cst8  0x000000008002bbd0        0x8 /opt/riscv/bin/../lib/gcc/riscv64-unknown-elf/7.2.0/../../../../riscv64-unknown-elf/lib/rv32i/ilp32/libc.a(lib_a-s_frexp.o)
 .srodata.cst8  0x000000008002bbd8       0x38 /opt/riscv/bin/../lib/gcc/riscv64-unknown-elf/7.2.0/../../../../riscv64-unknown-elf/lib/rv32i/ilp32/libc.a(lib_a-strtod.o)
                                         0x40 (size before relaxing)
 .srodata.cst8  0x000000008002bc10        0x8 /opt/riscv/bin/../lib/gcc/riscv64-unknown-elf/7.2.0/../../../../riscv64-unknown-elf/lib/rv32i/ilp32/libc.a(lib_a-strtodg.o)
                                         0x28 (size before relaxing)
 *(.srodata.cst4)
 .srodata.cst4  0x000000008002bc18        0x4 /opt/riscv/bin/../lib/gcc/riscv64-unknown-elf/7.2.0/../../../../riscv64-unknown-elf/lib/rv32i/ilp32/libc.a(lib_a-sf_nan.o)
 .srodata.cst4  0x000000008002bc1c        0x4 /opt/riscv/bin/../lib/gcc/riscv64-unknown-elf/7.2.0/../../../../riscv64-unknown-elf/lib/rv32i/ilp32/libc.a(lib_a-strtod.o)
 *(.srodata.cst2)
 *(.srodata .srodata.*)
                0x000000008002bc20                . = ALIGN (0x4)
                0x000000008002bc20                PROVIDE (_edata, .)
                [!provide]                        PROVIDE (edata, .)
                [!provide]                        PROVIDE (_fbss, .)
                0x000000008002bc20                PROVIDE (__bss_start, .)

.bss            0x000000008002bc20      0x468
 *(.sbss*)
 .sbss          0x000000008002bc20       0x10 build//home/tonix/Documents/CINVESTAV/Proyecto_Tolteca/Nuand_modified/NuandRFProyect/FPGA_FW/dupinSoC/fw/ad9361_project/src/ad9361_api.o
                0x000000008002bc20                clk_init_static_addr
                0x000000008002bc28                SPI_static_addr
 .sbss          0x000000008002bc30        0x8 build//home/tonix/Documents/CINVESTAV/Proyecto_Tolteca/Nuand_modified/NuandRFProyect/FPGA_FW/dupinSoC/fw/ad9361_project/src/ad9361.o
                0x000000008002bc30                clk_register_static_addr
 .sbss          0x000000008002bc38        0x1 build//home/tonix/Documents/CINVESTAV/Proyecto_Tolteca/Nuand_modified/NuandRFProyect/FPGA_FW/dupinSoC/fw/ad9361_project/src/main.o
                0x000000008002bc38                ISR_FLAG
 *fill*         0x000000008002bc39        0x3 
 .sbss          0x000000008002bc3c        0x4 /opt/riscv/bin/../lib/gcc/riscv64-unknown-elf/7.2.0/../../../../riscv64-unknown-elf/lib/rv32i/ilp32/libc.a(lib_a-locale.o)
                0x000000008002bc3c                _PathLocale
 .sbss          0x000000008002bc40        0xc /opt/riscv/bin/../lib/gcc/riscv64-unknown-elf/7.2.0/../../../../riscv64-unknown-elf/lib/rv32i/ilp32/libc.a(lib_a-mallocr.o)
                0x000000008002bc40                __malloc_max_total_mem
                0x000000008002bc44                __malloc_max_sbrked_mem
                0x000000008002bc48                __malloc_top_pad
 .sbss          0x000000008002bc4c        0x4 /opt/riscv/bin/../lib/gcc/riscv64-unknown-elf/7.2.0/../../../../riscv64-unknown-elf/lib/rv32i/ilp32/libgloss.a(sys_sbrk.o)
 *(.gnu.linkonce.sb.*)
 *(.bss .bss.*)
 .bss           0x000000008002bc50      0x390 build//home/tonix/Documents/CINVESTAV/Proyecto_Tolteca/Nuand_modified/NuandRFProyect/FPGA_FW/dupinSoC/fw/ad9361_project/src/ad9361_api.o
                0x000000008002bc50                ad9361_static_addr
                0x000000008002be58                ad9361_data_static_addr
 .bss           0x000000008002bfe0       0x68 build//home/tonix/Documents/CINVESTAV/Proyecto_Tolteca/Nuand_modified/NuandRFProyect/FPGA_FW/dupinSoC/fw/ad9361_project/src/ad9361.o
                0x000000008002bfe0                refclk_static_addr
                0x000000008002bff8                clks_arr_static_addr
 .bss           0x000000008002c048        0x0 build//home/tonix/Documents/CINVESTAV/Proyecto_Tolteca/Nuand_modified/NuandRFProyect/FPGA_FW/dupinSoC/fw/ad9361_project/src/ad9361_conv.o
 .bss           0x000000008002c048        0x0 build//home/tonix/Documents/CINVESTAV/Proyecto_Tolteca/Nuand_modified/NuandRFProyect/FPGA_FW/dupinSoC/fw/ad9361_project/src/parser.o
 .bss           0x000000008002c048        0x0 build//home/tonix/Documents/CINVESTAV/Proyecto_Tolteca/Nuand_modified/NuandRFProyect/FPGA_FW/dupinSoC/fw/ad9361_project/src/main.o
 .bss           0x000000008002c048        0x0 build//home/tonix/Documents/CINVESTAV/Proyecto_Tolteca/Nuand_modified/NuandRFProyect/FPGA_FW/dupinSoC/fw/ad9361_project/src/util.o
 .bss           0x000000008002c048        0x0 build//home/tonix/Documents/CINVESTAV/Proyecto_Tolteca/Nuand_modified/NuandRFProyect/FPGA_FW/dupinSoC/fw/ad9361_project/src/platform_generic/platform.o
 .bss           0x000000008002c048        0x0 build//home/tonix/Documents/CINVESTAV/Proyecto_Tolteca/Nuand_modified/NuandRFProyect/FPGA_FW/dupinSoC/fw/bsp/CinvestavDupin/libraries/common/start.o
 .bss           0x000000008002c048        0x0 /opt/riscv/bin/../lib/gcc/riscv64-unknown-elf/7.2.0/../../../../riscv64-unknown-elf/lib/rv32i/ilp32/libc.a(lib_a-init.o)
 .bss           0x000000008002c048        0x0 /opt/riscv/bin/../lib/gcc/riscv64-unknown-elf/7.2.0/../../../../riscv64-unknown-elf/lib/rv32i/ilp32/libc.a(lib_a-memcpy.o)
 .bss           0x000000008002c048        0x0 /opt/riscv/bin/../lib/gcc/riscv64-unknown-elf/7.2.0/../../../../riscv64-unknown-elf/lib/rv32i/ilp32/libc.a(lib_a-memset.o)
 .bss           0x000000008002c048        0x0 /opt/riscv/bin/../lib/gcc/riscv64-unknown-elf/7.2.0/../../../../riscv64-unknown-elf/lib/rv32i/ilp32/libc.a(lib_a-printf.o)
 .bss           0x000000008002c048        0x0 /opt/riscv/bin/../lib/gcc/riscv64-unknown-elf/7.2.0/../../../../riscv64-unknown-elf/lib/rv32i/ilp32/libc.a(lib_a-putchar.o)
 .bss           0x000000008002c048        0x0 /opt/riscv/bin/../lib/gcc/riscv64-unknown-elf/7.2.0/../../../../riscv64-unknown-elf/lib/rv32i/ilp32/libc.a(lib_a-putc.o)
 .bss           0x000000008002c048        0x0 /opt/riscv/bin/../lib/gcc/riscv64-unknown-elf/7.2.0/../../../../riscv64-unknown-elf/lib/rv32i/ilp32/libc.a(lib_a-sscanf.o)
 .bss           0x000000008002c048        0x0 /opt/riscv/bin/../lib/gcc/riscv64-unknown-elf/7.2.0/../../../../riscv64-unknown-elf/lib/rv32i/ilp32/libc.a(lib_a-stdio.o)
 .bss           0x000000008002c048        0x0 /opt/riscv/bin/../lib/gcc/riscv64-unknown-elf/7.2.0/../../../../riscv64-unknown-elf/lib/rv32i/ilp32/libc.a(lib_a-strlen.o)
 .bss           0x000000008002c048        0x0 /opt/riscv/bin/../lib/gcc/riscv64-unknown-elf/7.2.0/../../../../riscv64-unknown-elf/lib/rv32i/ilp32/libc.a(lib_a-strsep.o)
 .bss           0x000000008002c048        0x0 /opt/riscv/bin/../lib/gcc/riscv64-unknown-elf/7.2.0/../../../../riscv64-unknown-elf/lib/rv32i/ilp32/libc.a(lib_a-strtok_r.o)
 .bss           0x000000008002c048        0x0 /opt/riscv/bin/../lib/gcc/riscv64-unknown-elf/7.2.0/../../../../riscv64-unknown-elf/lib/rv32i/ilp32/libc.a(lib_a-svfscanf.o)
 .bss           0x000000008002c048        0x0 /opt/riscv/bin/../lib/gcc/riscv64-unknown-elf/7.2.0/../../../../riscv64-unknown-elf/lib/rv32i/ilp32/libc.a(lib_a-vfprintf.o)
 .bss           0x000000008002c048        0x0 /opt/riscv/bin/../lib/gcc/riscv64-unknown-elf/7.2.0/../../../../riscv64-unknown-elf/lib/rv32i/ilp32/libc.a(lib_a-wbuf.o)
 .bss           0x000000008002c048        0x0 /opt/riscv/bin/../lib/gcc/riscv64-unknown-elf/7.2.0/../../../../riscv64-unknown-elf/lib/rv32i/ilp32/libc.a(lib_a-writer.o)
 .bss           0x000000008002c048        0x0 /opt/riscv/bin/../lib/gcc/riscv64-unknown-elf/7.2.0/../../../../riscv64-unknown-elf/lib/rv32i/ilp32/libc.a(lib_a-wsetup.o)
 .bss           0x000000008002c048        0x0 /opt/riscv/bin/../lib/gcc/riscv64-unknown-elf/7.2.0/../../../../riscv64-unknown-elf/lib/rv32i/ilp32/libc.a(lib_a-closer.o)
 .bss           0x000000008002c048        0x0 /opt/riscv/bin/../lib/gcc/riscv64-unknown-elf/7.2.0/../../../../riscv64-unknown-elf/lib/rv32i/ilp32/libc.a(lib_a-fflush.o)
 .bss           0x000000008002c048        0x0 /opt/riscv/bin/../lib/gcc/riscv64-unknown-elf/7.2.0/../../../../riscv64-unknown-elf/lib/rv32i/ilp32/libc.a(lib_a-findfp.o)
 .bss           0x000000008002c048        0x0 /opt/riscv/bin/../lib/gcc/riscv64-unknown-elf/7.2.0/../../../../riscv64-unknown-elf/lib/rv32i/ilp32/libc.a(lib_a-freer.o)
 .bss           0x000000008002c048        0x0 /opt/riscv/bin/../lib/gcc/riscv64-unknown-elf/7.2.0/../../../../riscv64-unknown-elf/lib/rv32i/ilp32/libc.a(lib_a-fwalk.o)
 .bss           0x000000008002c048        0x0 /opt/riscv/bin/../lib/gcc/riscv64-unknown-elf/7.2.0/../../../../riscv64-unknown-elf/lib/rv32i/ilp32/libc.a(lib_a-impure.o)
 .bss           0x000000008002c048        0x0 /opt/riscv/bin/../lib/gcc/riscv64-unknown-elf/7.2.0/../../../../riscv64-unknown-elf/lib/rv32i/ilp32/libc.a(lib_a-iswspace.o)
 .bss           0x000000008002c048        0x0 /opt/riscv/bin/../lib/gcc/riscv64-unknown-elf/7.2.0/../../../../riscv64-unknown-elf/lib/rv32i/ilp32/libc.a(lib_a-ldtoa.o)
 .bss           0x000000008002c048        0x0 /opt/riscv/bin/../lib/gcc/riscv64-unknown-elf/7.2.0/../../../../riscv64-unknown-elf/lib/rv32i/ilp32/libc.a(lib_a-localeconv.o)
 .bss           0x000000008002c048        0x0 /opt/riscv/bin/../lib/gcc/riscv64-unknown-elf/7.2.0/../../../../riscv64-unknown-elf/lib/rv32i/ilp32/libc.a(lib_a-locale.o)
 .bss           0x000000008002c048        0x0 /opt/riscv/bin/../lib/gcc/riscv64-unknown-elf/7.2.0/../../../../riscv64-unknown-elf/lib/rv32i/ilp32/libc.a(lib_a-lseekr.o)
 .bss           0x000000008002c048        0x0 /opt/riscv/bin/../lib/gcc/riscv64-unknown-elf/7.2.0/../../../../riscv64-unknown-elf/lib/rv32i/ilp32/libc.a(lib_a-makebuf.o)
 .bss           0x000000008002c048       0x28 /opt/riscv/bin/../lib/gcc/riscv64-unknown-elf/7.2.0/../../../../riscv64-unknown-elf/lib/rv32i/ilp32/libc.a(lib_a-mallocr.o)
                0x000000008002c048                __malloc_current_mallinfo
 .bss           0x000000008002c070        0x0 /opt/riscv/bin/../lib/gcc/riscv64-unknown-elf/7.2.0/../../../../riscv64-unknown-elf/lib/rv32i/ilp32/libc.a(lib_a-mbrtowc.o)
 .bss           0x000000008002c070        0x0 /opt/riscv/bin/../lib/gcc/riscv64-unknown-elf/7.2.0/../../../../riscv64-unknown-elf/lib/rv32i/ilp32/libc.a(lib_a-mbtowc_r.o)
 .bss           0x000000008002c070        0x0 /opt/riscv/bin/../lib/gcc/riscv64-unknown-elf/7.2.0/../../../../riscv64-unknown-elf/lib/rv32i/ilp32/libc.a(lib_a-memchr.o)
 .bss           0x000000008002c070        0x0 /opt/riscv/bin/../lib/gcc/riscv64-unknown-elf/7.2.0/../../../../riscv64-unknown-elf/lib/rv32i/ilp32/libc.a(lib_a-mlock.o)
 .bss           0x000000008002c070        0x0 /opt/riscv/bin/../lib/gcc/riscv64-unknown-elf/7.2.0/../../../../riscv64-unknown-elf/lib/rv32i/ilp32/libc.a(lib_a-mprec.o)
 .bss           0x000000008002c070        0x0 /opt/riscv/bin/../lib/gcc/riscv64-unknown-elf/7.2.0/../../../../riscv64-unknown-elf/lib/rv32i/ilp32/libc.a(lib_a-readr.o)
 .bss           0x000000008002c070        0x0 /opt/riscv/bin/../lib/gcc/riscv64-unknown-elf/7.2.0/../../../../riscv64-unknown-elf/lib/rv32i/ilp32/libc.a(lib_a-reent.o)
 .bss           0x000000008002c070        0x0 /opt/riscv/bin/../lib/gcc/riscv64-unknown-elf/7.2.0/../../../../riscv64-unknown-elf/lib/rv32i/ilp32/libc.a(lib_a-sbrkr.o)
 .bss           0x000000008002c070        0x0 /opt/riscv/bin/../lib/gcc/riscv64-unknown-elf/7.2.0/../../../../riscv64-unknown-elf/lib/rv32i/ilp32/libc.a(lib_a-sccl.o)
 .bss           0x000000008002c070        0x0 /opt/riscv/bin/../lib/gcc/riscv64-unknown-elf/7.2.0/../../../../riscv64-unknown-elf/lib/rv32i/ilp32/libc.a(lib_a-sf_nan.o)
 .bss           0x000000008002c070        0x0 /opt/riscv/bin/../lib/gcc/riscv64-unknown-elf/7.2.0/../../../../riscv64-unknown-elf/lib/rv32i/ilp32/libc.a(lib_a-s_frexp.o)
 .bss           0x000000008002c070        0x0 /opt/riscv/bin/../lib/gcc/riscv64-unknown-elf/7.2.0/../../../../riscv64-unknown-elf/lib/rv32i/ilp32/libc.a(lib_a-sprintf.o)
 .bss           0x000000008002c070        0x0 /opt/riscv/bin/../lib/gcc/riscv64-unknown-elf/7.2.0/../../../../riscv64-unknown-elf/lib/rv32i/ilp32/libc.a(lib_a-strcmp.o)
 .bss           0x000000008002c070        0x0 /opt/riscv/bin/../lib/gcc/riscv64-unknown-elf/7.2.0/../../../../riscv64-unknown-elf/lib/rv32i/ilp32/libc.a(lib_a-strcpy.o)
 .bss           0x000000008002c070        0x0 /opt/riscv/bin/../lib/gcc/riscv64-unknown-elf/7.2.0/../../../../riscv64-unknown-elf/lib/rv32i/ilp32/libc.a(lib_a-strncpy.o)
 .bss           0x000000008002c070        0x0 /opt/riscv/bin/../lib/gcc/riscv64-unknown-elf/7.2.0/../../../../riscv64-unknown-elf/lib/rv32i/ilp32/libc.a(lib_a-strtod.o)
 .bss           0x000000008002c070        0x0 /opt/riscv/bin/../lib/gcc/riscv64-unknown-elf/7.2.0/../../../../riscv64-unknown-elf/lib/rv32i/ilp32/libc.a(lib_a-strtold.o)
 .bss           0x000000008002c070        0x0 /opt/riscv/bin/../lib/gcc/riscv64-unknown-elf/7.2.0/../../../../riscv64-unknown-elf/lib/rv32i/ilp32/libc.a(lib_a-strtoll.o)
 .bss           0x000000008002c070        0x0 /opt/riscv/bin/../lib/gcc/riscv64-unknown-elf/7.2.0/../../../../riscv64-unknown-elf/lib/rv32i/ilp32/libc.a(lib_a-strtol.o)
 .bss           0x000000008002c070        0x0 /opt/riscv/bin/../lib/gcc/riscv64-unknown-elf/7.2.0/../../../../riscv64-unknown-elf/lib/rv32i/ilp32/libc.a(lib_a-strtorx.o)
 .bss           0x000000008002c070        0x0 /opt/riscv/bin/../lib/gcc/riscv64-unknown-elf/7.2.0/../../../../riscv64-unknown-elf/lib/rv32i/ilp32/libc.a(lib_a-strtoull.o)
 .bss           0x000000008002c070        0x0 /opt/riscv/bin/../lib/gcc/riscv64-unknown-elf/7.2.0/../../../../riscv64-unknown-elf/lib/rv32i/ilp32/libc.a(lib_a-strtoul.o)
 .bss           0x000000008002c070        0x0 /opt/riscv/bin/../lib/gcc/riscv64-unknown-elf/7.2.0/../../../../riscv64-unknown-elf/lib/rv32i/ilp32/libc.a(lib_a-svfiscanf.o)
 .bss           0x000000008002c070        0x0 /opt/riscv/bin/../lib/gcc/riscv64-unknown-elf/7.2.0/../../../../riscv64-unknown-elf/lib/rv32i/ilp32/libc.a(lib_a-svfprintf.o)
 .bss           0x000000008002c070        0x0 /opt/riscv/bin/../lib/gcc/riscv64-unknown-elf/7.2.0/../../../../riscv64-unknown-elf/lib/rv32i/ilp32/libc.a(lib_a-ungetc.o)
 .bss           0x000000008002c070        0x0 /opt/riscv/bin/../lib/gcc/riscv64-unknown-elf/7.2.0/../../../../riscv64-unknown-elf/lib/rv32i/ilp32/libc.a(lib_a-vfiprintf.o)
 .bss           0x000000008002c070        0x0 /opt/riscv/bin/../lib/gcc/riscv64-unknown-elf/7.2.0/../../../../riscv64-unknown-elf/lib/rv32i/ilp32/libc.a(lib_a-wctomb_r.o)
 .bss           0x000000008002c070        0x0 /opt/riscv/bin/../lib/gcc/riscv64-unknown-elf/7.2.0/../../../../riscv64-unknown-elf/lib/rv32i/ilp32/libc.a(lib_a-callocr.o)
 .bss           0x000000008002c070        0x0 /opt/riscv/bin/../lib/gcc/riscv64-unknown-elf/7.2.0/../../../../riscv64-unknown-elf/lib/rv32i/ilp32/libc.a(lib_a-ctype_.o)
 .bss           0x000000008002c070        0x0 /opt/riscv/bin/../lib/gcc/riscv64-unknown-elf/7.2.0/../../../../riscv64-unknown-elf/lib/rv32i/ilp32/libc.a(lib_a-fclose.o)
 .bss           0x000000008002c070        0x0 /opt/riscv/bin/../lib/gcc/riscv64-unknown-elf/7.2.0/../../../../riscv64-unknown-elf/lib/rv32i/ilp32/libc.a(lib_a-fputwc.o)
 .bss           0x000000008002c070        0x0 /opt/riscv/bin/../lib/gcc/riscv64-unknown-elf/7.2.0/../../../../riscv64-unknown-elf/lib/rv32i/ilp32/libc.a(lib_a-fstatr.o)
 .bss           0x000000008002c070        0x0 /opt/riscv/bin/../lib/gcc/riscv64-unknown-elf/7.2.0/../../../../riscv64-unknown-elf/lib/rv32i/ilp32/libc.a(lib_a-fvwrite.o)
 .bss           0x000000008002c070        0x0 /opt/riscv/bin/../lib/gcc/riscv64-unknown-elf/7.2.0/../../../../riscv64-unknown-elf/lib/rv32i/ilp32/libc.a(lib_a-gdtoa-gethex.o)
 .bss           0x000000008002c070        0x0 /opt/riscv/bin/../lib/gcc/riscv64-unknown-elf/7.2.0/../../../../riscv64-unknown-elf/lib/rv32i/ilp32/libc.a(lib_a-gdtoa-hexnan.o)
 .bss           0x000000008002c070        0x0 /opt/riscv/bin/../lib/gcc/riscv64-unknown-elf/7.2.0/../../../../riscv64-unknown-elf/lib/rv32i/ilp32/libc.a(lib_a-isattyr.o)
 .bss           0x000000008002c070        0x0 /opt/riscv/bin/../lib/gcc/riscv64-unknown-elf/7.2.0/../../../../riscv64-unknown-elf/lib/rv32i/ilp32/libc.a(lib_a-memmove.o)
 .bss           0x000000008002c070        0x0 /opt/riscv/bin/../lib/gcc/riscv64-unknown-elf/7.2.0/../../../../riscv64-unknown-elf/lib/rv32i/ilp32/libc.a(lib_a-reallocr.o)
 .bss           0x000000008002c070        0x0 /opt/riscv/bin/../lib/gcc/riscv64-unknown-elf/7.2.0/../../../../riscv64-unknown-elf/lib/rv32i/ilp32/libc.a(lib_a-strncmp.o)
 .bss           0x000000008002c070        0x0 /opt/riscv/bin/../lib/gcc/riscv64-unknown-elf/7.2.0/../../../../riscv64-unknown-elf/lib/rv32i/ilp32/libc.a(lib_a-strtodg.o)
 .bss           0x000000008002c070        0x0 /opt/riscv/bin/../lib/gcc/riscv64-unknown-elf/7.2.0/../../../../riscv64-unknown-elf/lib/rv32i/ilp32/libc.a(lib_a-svfiprintf.o)
 .bss           0x000000008002c070        0x0 /opt/riscv/bin/../lib/gcc/riscv64-unknown-elf/7.2.0/../../../../riscv64-unknown-elf/lib/rv32i/ilp32/libc.a(lib_a-wcrtomb.o)
 .bss           0x000000008002c070        0x0 /opt/riscv/bin/../lib/gcc/riscv64-unknown-elf/7.2.0/../../../../riscv64-unknown-elf/lib/rv32i/ilp32/libc.a(lib_a-errno.o)
 .bss           0x000000008002c070        0x0 /opt/riscv/bin/../lib/gcc/riscv64-unknown-elf/7.2.0/rv32i/ilp32/libgcc.a(_udivdi3.o)
 .bss           0x000000008002c070        0x0 /opt/riscv/bin/../lib/gcc/riscv64-unknown-elf/7.2.0/rv32i/ilp32/libgcc.a(_umoddi3.o)
 .bss           0x000000008002c070        0x0 /opt/riscv/bin/../lib/gcc/riscv64-unknown-elf/7.2.0/rv32i/ilp32/libgcc.a(adddf3.o)
 .bss           0x000000008002c070        0x0 /opt/riscv/bin/../lib/gcc/riscv64-unknown-elf/7.2.0/rv32i/ilp32/libgcc.a(divdf3.o)
 .bss           0x000000008002c070        0x0 /opt/riscv/bin/../lib/gcc/riscv64-unknown-elf/7.2.0/rv32i/ilp32/libgcc.a(eqdf2.o)
 .bss           0x000000008002c070        0x0 /opt/riscv/bin/../lib/gcc/riscv64-unknown-elf/7.2.0/rv32i/ilp32/libgcc.a(gedf2.o)
 .bss           0x000000008002c070        0x0 /opt/riscv/bin/../lib/gcc/riscv64-unknown-elf/7.2.0/rv32i/ilp32/libgcc.a(ledf2.o)
 .bss           0x000000008002c070        0x0 /opt/riscv/bin/../lib/gcc/riscv64-unknown-elf/7.2.0/rv32i/ilp32/libgcc.a(muldf3.o)
 .bss           0x000000008002c070        0x0 /opt/riscv/bin/../lib/gcc/riscv64-unknown-elf/7.2.0/rv32i/ilp32/libgcc.a(subdf3.o)
 .bss           0x000000008002c070        0x0 /opt/riscv/bin/../lib/gcc/riscv64-unknown-elf/7.2.0/rv32i/ilp32/libgcc.a(unorddf2.o)
 .bss           0x000000008002c070        0x0 /opt/riscv/bin/../lib/gcc/riscv64-unknown-elf/7.2.0/rv32i/ilp32/libgcc.a(fixdfsi.o)